Archive member included to satisfy reference by file (symbol)

c:/mounriver/mounriver_studio/toolchain/risc-v embedded gcc/bin/../lib/gcc/riscv-none-embed/8.2.0/../../../../riscv-none-embed/lib/rv32imafc/ilp32f\libm.a(lib_a-s_cos.o)
                              ./zf_device/zf_device_gps_tau1201.o (cos)
c:/mounriver/mounriver_studio/toolchain/risc-v embedded gcc/bin/../lib/gcc/riscv-none-embed/8.2.0/../../../../riscv-none-embed/lib/rv32imafc/ilp32f\libm.a(lib_a-s_sin.o)
                              ./zf_device/zf_device_gps_tau1201.o (sin)
c:/mounriver/mounriver_studio/toolchain/risc-v embedded gcc/bin/../lib/gcc/riscv-none-embed/8.2.0/../../../../riscv-none-embed/lib/rv32imafc/ilp32f\libm.a(lib_a-w_asin.o)
                              ./zf_device/zf_device_gps_tau1201.o (asin)
c:/mounriver/mounriver_studio/toolchain/risc-v embedded gcc/bin/../lib/gcc/riscv-none-embed/8.2.0/../../../../riscv-none-embed/lib/rv32imafc/ilp32f\libm.a(lib_a-w_atan2.o)
                              ./zf_device/zf_device_gps_tau1201.o (atan2)
c:/mounriver/mounriver_studio/toolchain/risc-v embedded gcc/bin/../lib/gcc/riscv-none-embed/8.2.0/../../../../riscv-none-embed/lib/rv32imafc/ilp32f\libm.a(lib_a-w_pow.o)
                              ./zf_device/zf_device_gps_tau1201.o (pow)
c:/mounriver/mounriver_studio/toolchain/risc-v embedded gcc/bin/../lib/gcc/riscv-none-embed/8.2.0/../../../../riscv-none-embed/lib/rv32imafc/ilp32f\libm.a(lib_a-w_sqrt.o)
                              ./zf_device/zf_device_gps_tau1201.o (sqrt)
c:/mounriver/mounriver_studio/toolchain/risc-v embedded gcc/bin/../lib/gcc/riscv-none-embed/8.2.0/../../../../riscv-none-embed/lib/rv32imafc/ilp32f\libm.a(lib_a-e_asin.o)
                              c:/mounriver/mounriver_studio/toolchain/risc-v embedded gcc/bin/../lib/gcc/riscv-none-embed/8.2.0/../../../../riscv-none-embed/lib/rv32imafc/ilp32f\libm.a(lib_a-w_asin.o) (__ieee754_asin)
c:/mounriver/mounriver_studio/toolchain/risc-v embedded gcc/bin/../lib/gcc/riscv-none-embed/8.2.0/../../../../riscv-none-embed/lib/rv32imafc/ilp32f\libm.a(lib_a-e_atan2.o)
                              c:/mounriver/mounriver_studio/toolchain/risc-v embedded gcc/bin/../lib/gcc/riscv-none-embed/8.2.0/../../../../riscv-none-embed/lib/rv32imafc/ilp32f\libm.a(lib_a-w_atan2.o) (__ieee754_atan2)
c:/mounriver/mounriver_studio/toolchain/risc-v embedded gcc/bin/../lib/gcc/riscv-none-embed/8.2.0/../../../../riscv-none-embed/lib/rv32imafc/ilp32f\libm.a(lib_a-e_pow.o)
                              c:/mounriver/mounriver_studio/toolchain/risc-v embedded gcc/bin/../lib/gcc/riscv-none-embed/8.2.0/../../../../riscv-none-embed/lib/rv32imafc/ilp32f\libm.a(lib_a-w_pow.o) (__ieee754_pow)
c:/mounriver/mounriver_studio/toolchain/risc-v embedded gcc/bin/../lib/gcc/riscv-none-embed/8.2.0/../../../../riscv-none-embed/lib/rv32imafc/ilp32f\libm.a(lib_a-e_rem_pio2.o)
                              c:/mounriver/mounriver_studio/toolchain/risc-v embedded gcc/bin/../lib/gcc/riscv-none-embed/8.2.0/../../../../riscv-none-embed/lib/rv32imafc/ilp32f\libm.a(lib_a-s_cos.o) (__ieee754_rem_pio2)
c:/mounriver/mounriver_studio/toolchain/risc-v embedded gcc/bin/../lib/gcc/riscv-none-embed/8.2.0/../../../../riscv-none-embed/lib/rv32imafc/ilp32f\libm.a(lib_a-e_sqrt.o)
                              c:/mounriver/mounriver_studio/toolchain/risc-v embedded gcc/bin/../lib/gcc/riscv-none-embed/8.2.0/../../../../riscv-none-embed/lib/rv32imafc/ilp32f\libm.a(lib_a-w_sqrt.o) (__ieee754_sqrt)
c:/mounriver/mounriver_studio/toolchain/risc-v embedded gcc/bin/../lib/gcc/riscv-none-embed/8.2.0/../../../../riscv-none-embed/lib/rv32imafc/ilp32f\libm.a(lib_a-k_cos.o)
                              c:/mounriver/mounriver_studio/toolchain/risc-v embedded gcc/bin/../lib/gcc/riscv-none-embed/8.2.0/../../../../riscv-none-embed/lib/rv32imafc/ilp32f\libm.a(lib_a-s_cos.o) (__kernel_cos)
c:/mounriver/mounriver_studio/toolchain/risc-v embedded gcc/bin/../lib/gcc/riscv-none-embed/8.2.0/../../../../riscv-none-embed/lib/rv32imafc/ilp32f\libm.a(lib_a-k_rem_pio2.o)
                              c:/mounriver/mounriver_studio/toolchain/risc-v embedded gcc/bin/../lib/gcc/riscv-none-embed/8.2.0/../../../../riscv-none-embed/lib/rv32imafc/ilp32f\libm.a(lib_a-e_rem_pio2.o) (__kernel_rem_pio2)
c:/mounriver/mounriver_studio/toolchain/risc-v embedded gcc/bin/../lib/gcc/riscv-none-embed/8.2.0/../../../../riscv-none-embed/lib/rv32imafc/ilp32f\libm.a(lib_a-k_sin.o)
                              c:/mounriver/mounriver_studio/toolchain/risc-v embedded gcc/bin/../lib/gcc/riscv-none-embed/8.2.0/../../../../riscv-none-embed/lib/rv32imafc/ilp32f\libm.a(lib_a-s_cos.o) (__kernel_sin)
c:/mounriver/mounriver_studio/toolchain/risc-v embedded gcc/bin/../lib/gcc/riscv-none-embed/8.2.0/../../../../riscv-none-embed/lib/rv32imafc/ilp32f\libm.a(lib_a-s_atan.o)
[...]
Memory Configuration

Name             Origin             Length             Attributes
RAM              0x0000000020000040 0x000000000000fc00 xrw
FLASH            0x0000000000000000 0x0000000000040000 xr
*default*        0x0000000000000000 0xffffffffffffffff

Linker script and memory map

LOAD ./zf_driver/zf_driver_adc.o
LOAD ./zf_driver/zf_driver_delay.o
LOAD ./zf_driver/zf_driver_dvp.o
LOAD ./zf_driver/zf_driver_encoder.o
LOAD ./zf_driver/zf_driver_exti.o
LOAD ./zf_driver/zf_driver_flash.o
LOAD ./zf_driver/zf_driver_gpio.o
LOAD ./zf_driver/zf_driver_iic.o
LOAD ./zf_driver/zf_driver_pit.o
LOAD ./zf_driver/zf_driver_pwm.o
LOAD ./zf_driver/zf_driver_soft_iic.o
LOAD ./zf_driver/zf_driver_soft_spi.o
LOAD ./zf_driver/zf_driver_spi.o
LOAD ./zf_driver/zf_driver_timer.o
LOAD ./zf_driver/zf_driver_uart.o
LOAD ./zf_driver/zf_driver_usb_cdc.o
LOAD ./zf_device/zf_device_absolute_encoder.o
LOAD ./zf_device/zf_device_aht20.o
LOAD ./zf_device/zf_device_bluetooth_ch9141.o
LOAD ./zf_device/zf_device_camera.o
LOAD ./zf_device/zf_device_detector.o
LOAD ./zf_device/zf_device_dl1a.o
LOAD ./zf_device/zf_device_dl1b.o
LOAD ./zf_device/zf_device_dm1xa.o
LOAD ./zf_device/zf_device_gps_tau1201.o
LOAD ./zf_device/zf_device_icm20602.o
LOAD ./zf_device/zf_device_imu660ra.o
LOAD ./zf_device/zf_device_imu963ra.o
LOAD ./zf_device/zf_device_ips114.o
LOAD ./zf_device/zf_device_ips200.o
LOAD ./zf_device/zf_device_k24c02.o
LOAD ./zf_device/zf_device_key.o
LOAD ./zf_device/zf_device_mpu6050.o
LOAD ./zf_device/zf_device_mt9v03x_dvp.o
LOAD ./zf_device/zf_device_oled.o
LOAD ./zf_device/zf_device_scc8660_dvp.o
LOAD ./zf_device/zf_device_tft180.o
LOAD ./zf_device/zf_device_type.o
LOAD ./zf_device/zf_device_virtual_oscilloscope.o
LOAD ./zf_device/zf_device_w25q32.o
LOAD ./zf_device/zf_device_wifi_spi.o
LOAD ./zf_device/zf_device_wifi_uart.o
LOAD ./zf_device/zf_device_wireless_ch573.o
LOAD ./zf_device/zf_device_wireless_uart.o
LOAD ./zf_common/zf_common_clock.o
LOAD ./zf_common/zf_common_debug.o
LOAD ./zf_common/zf_common_fifo.o
LOAD ./zf_common/zf_common_font.o
LOAD ./zf_common/zf_common_function.o
LOAD ./zf_common/zf_common_interrupt.o
LOAD ./user_c/image.o
LOAD ./user_c/isr.o
LOAD ./user_c/main.o
LOAD ./user_c/motor.o
LOAD ./sdk/Startup/startup_ch32v30x_D8C.o
LOAD ./sdk/Peripheral/ch32v30x_adc.o
LOAD ./sdk/Peripheral/ch32v30x_bkp.o
LOAD ./sdk/Peripheral/ch32v30x_can.o
LOAD ./sdk/Peripheral/ch32v30x_crc.o
LOAD ./sdk/Peripheral/ch32v30x_dac.o
LOAD ./sdk/Peripheral/ch32v30x_dbgmcu.o
LOAD ./sdk/Peripheral/ch32v30x_dma.o
LOAD ./sdk/Peripheral/ch32v30x_dvp.o
LOAD ./sdk/Peripheral/ch32v30x_eth.o
LOAD ./sdk/Peripheral/ch32v30x_exti.o
LOAD ./sdk/Peripheral/ch32v30x_flash.o
LOAD ./sdk/Peripheral/ch32v30x_fsmc.o
LOAD ./sdk/Peripheral/ch32v30x_gpio.o
LOAD ./sdk/Peripheral/ch32v30x_i2c.o
LOAD ./sdk/Peripheral/ch32v30x_iwdg.o
LOAD ./sdk/Peripheral/ch32v30x_opa.o
LOAD ./sdk/Peripheral/ch32v30x_pwr.o
LOAD ./sdk/Peripheral/ch32v30x_rcc.o
LOAD ./sdk/Peripheral/ch32v30x_rng.o
LOAD ./sdk/Peripheral/ch32v30x_rtc.o
LOAD ./sdk/Peripheral/ch32v30x_sdio.o
LOAD ./sdk/Peripheral/ch32v30x_spi.o
LOAD ./sdk/Peripheral/ch32v30x_tim.o
LOAD ./sdk/Peripheral/ch32v30x_usart.o
LOAD ./sdk/Peripheral/ch32v30x_usbotg_device.o
LOAD ./sdk/Peripheral/ch32v30x_wwdg.o
LOAD ./sdk/Core/core_riscv.o
LOAD c:/mounriver/mounriver_studio/toolchain/risc-v embedded gcc/bin/../lib/gcc/riscv-none-embed/8.2.0/../../../../riscv-none-embed/lib/rv32imafc/ilp32f\libm.a
LOAD D:\smartcar\Seekfree_CH32V307VCT6_Opensource_Library\libraries\zf_device\libzf_device_config.a
LOAD c:/mounriver/mounriver_studio/toolchain/risc-v embedded gcc/bin/../lib/gcc/riscv-none-embed/8.2.0/rv32imafc/ilp32f\libgcc.a
LOAD c:/mounriver/mounriver_studio/toolchain/risc-v embedded gcc/bin/../lib/gcc/riscv-none-embed/8.2.0/../../../../riscv-none-embed/lib/rv32imafc/ilp32f\libg_nano.a
LOAD c:/mounriver/mounriver_studio/toolchain/risc-v embedded gcc/bin/../lib/gcc/riscv-none-embed/8.2.0/../../../../riscv-none-embed/lib/rv32imafc/ilp32f\libc_nano.a
LOAD c:/mounriver/mounriver_studio/toolchain/risc-v embedded gcc/bin/../lib/gcc/riscv-none-embed/8.2.0/rv32imafc/ilp32f\libgcc.a
START GROUP
LOAD c:/mounriver/mounriver_studio/toolchain/risc-v embedded gcc/bin/../lib/gcc/riscv-none-embed/8.2.0/rv32imafc/ilp32f\libgcc.a
LOAD c:/mounriver/mounriver_studio/toolchain/risc-v embedded gcc/bin/../lib/gcc/riscv-none-embed/8.2.0/../../../../riscv-none-embed/lib/rv32imafc/ilp32f\libc_nano.a
LOAD c:/mounriver/mounriver_studio/toolchain/risc-v embedded gcc/bin/../lib/gcc/riscv-none-embed/8.2.0/../../../../riscv-none-embed/lib/rv32imafc/ilp32f\libnosys.a
END GROUP
START GROUP
LOAD c:/mounriver/mounriver_studio/toolchain/risc-v embedded gcc/bin/../lib/gcc/riscv-none-embed/8.2.0/rv32imafc/ilp32f\libgcc.a
LOAD c:/mounriver/mounriver_studio/toolchain/risc-v embedded gcc/bin/../lib/gcc/riscv-none-embed/8.2.0/../../../../riscv-none-embed/lib/rv32imafc/ilp32f\libc_nano.a
LOAD c:/mounriver/mounriver_studio/toolchain/risc-v embedded gcc/bin/../lib/gcc/riscv-none-embed/8.2.0/../../../../riscv-none-embed/lib/rv32imafc/ilp32f\libnosys.a
END GROUP
                0x0000000000000800                __stack_size = 0x800
                [!provide]                        PROVIDE (_stack_size = __stack_size)

.init           0x0000000000000000       0x38
                0x0000000000000000                _sinit = .
                0x0000000000000000                . = ALIGN (0x4)
 *(SORT_NONE(.init))
 .init          0x0000000000000000       0x38 ./sdk/Startup/startup_ch32v30x_D8C.o
                0x0000000000000000                _start
                0x0000000000000038                . = ALIGN (0x4)
                0x0000000000000038                _einit = .

.vector         0x0000000000000038      0x1c8
 *(.vector)
 .vector        0x0000000000000038      0x1a0 ./sdk/Startup/startup_ch32v30x_D8C.o
                0x0000000000000200                . = ALIGN (0x40)
 *fill*         0x00000000000001d8       0x28 

.text           0x0000000000000200    0x13804
                0x0000000000000200                . = ALIGN (0x4)
 *(.text)
 .text          0x0000000000000200       0xa8 c:/mounriver/mounriver_studio/toolchain/risc-v embedded gcc/bin/../lib/gcc/riscv-none-embed/8.2.0/../../../../riscv-none-embed/lib/rv32imafc/ilp32f\libg_nano.a(lib_a-memset.o)
                0x0000000000000200                memset
 *(.text.*)
 .text.system_delay_ms
                0x00000000000002a8       0xa2 ./zf_driver/zf_driver_delay.o
                0x00000000000002a8                system_delay_ms
 .text.dvp_gpio_init
                0x000000000000034a      0x102 ./zf_driver/zf_driver_dvp.o
                0x000000000000034a                dvp_gpio_init
 .text.dvp_camera_init
                0x000000000000044c       0x8c ./zf_driver/zf_driver_dvp.o
                0x000000000000044c                dvp_camera_init
 .text.gpio_get_level
                0x00000000000004d8       0x42 ./zf_driver/zf_driver_gpio.o
                0x00000000000004d8                gpio_get_level
 .text.gpio_init
                0x000000000000051a      0x15c ./zf_driver/zf_driver_gpio.o
                0x000000000000051a                gpio_init
 .text.pwm_set_freq
                0x0000000000000676      0x18c ./zf_driver/zf_driver_pwm.o
                0x0000000000000676                pwm_set_freq
 .text.pwm_init
                0x0000000000000802      0x416 ./zf_driver/zf_driver_pwm.o
                0x0000000000000802                pwm_init
 .text.soft_iic_start
                0x0000000000000c18      0x128 ./zf_driver/zf_driver_soft_iic.o
 .text.soft_iic_stop
                0x0000000000000d40      0x142 ./zf_driver/zf_driver_soft_iic.o
 .text.soft_iic_send_ack
                0x0000000000000e82      0x196 ./zf_driver/zf_driver_soft_iic.o
 .text.soft_iic_wait_ack
                0x0000000000001018      0x160 ./zf_driver/zf_driver_soft_iic.o
 .text.soft_iic_send_data
                0x0000000000001178      0x16e ./zf_driver/zf_driver_soft_iic.o
 .text.soft_iic_read_data
                0x00000000000012e6      0x1e8 ./zf_driver/zf_driver_soft_iic.o
 .text.soft_iic_sccb_write_register
                0x00000000000014ce       0x80 ./zf_driver/zf_driver_soft_iic.o
                0x00000000000014ce                soft_iic_sccb_write_register
 .text.soft_iic_sccb_read_register
                0x000000000000154e       0xb4 ./zf_driver/zf_driver_soft_iic.o
                0x000000000000154e                soft_iic_sccb_read_register
 .text.soft_iic_init
                0x0000000000001602       0xb2 ./zf_driver/zf_driver_soft_iic.o
                0x0000000000001602                soft_iic_init
 .text.spi_write_8bit
                0x00000000000016b4       0x6a ./zf_driver/zf_driver_spi.o
                0x00000000000016b4                spi_write_8bit
 .text.spi_write_16bit
                0x000000000000171e       0xa6 ./zf_driver/zf_driver_spi.o
                0x000000000000171e                spi_write_16bit
 .text.spi_init
                0x00000000000017c4      0x2d6 ./zf_driver/zf_driver_spi.o
                0x00000000000017c4                spi_init
 .text.timer_funciton_check
                0x0000000000001a9a       0x66 ./zf_driver/zf_driver_timer.o
                0x0000000000001a9a                timer_funciton_check
 .text.timer_clock_enable
                0x0000000000001b00       0xe2 ./zf_driver/zf_driver_timer.o
                0x0000000000001b00                timer_clock_enable
 .text.timer_get
                0x0000000000001be2       0xfe ./zf_driver/zf_driver_timer.o
                0x0000000000001be2                timer_get
 .text.timer_clear
                0x0000000000001ce0       0xc4 ./zf_driver/zf_driver_timer.o
                0x0000000000001ce0                timer_clear
 .text.uart_write_byte
                0x0000000000001da4       0x56 ./zf_driver/zf_driver_uart.o
                0x0000000000001da4                uart_write_byte
 .text.uart_write_buffer
                0x0000000000001dfa       0x64 ./zf_driver/zf_driver_uart.o
                0x0000000000001dfa                uart_write_buffer
 .text.uart_write_string
                0x0000000000001e5e       0x60 ./zf_driver/zf_driver_uart.o
                0x0000000000001e5e                uart_write_string
 .text.uart_rx_interrupt
                0x0000000000001ebe       0x84 ./zf_driver/zf_driver_uart.o
                0x0000000000001ebe                uart_rx_interrupt
 .text.uart_query_byte
                0x0000000000001f42       0x5e ./zf_driver/zf_driver_uart.o
                0x0000000000001f42                uart_query_byte
 .text.uart_init
                0x0000000000001fa0      0x5aa ./zf_driver/zf_driver_uart.o
                0x0000000000001fa0                uart_init
 .text.camera_fifo_init
                0x000000000000254a       0x22 ./zf_device/zf_device_camera.o
                0x000000000000254a                camera_fifo_init
 .text.dm1xa_sound_callback
                0x000000000000256c       0xf6 ./zf_device/zf_device_dm1xa.o
                0x000000000000256c                dm1xa_sound_callback
 .text.dm1xa_light_callback
                0x0000000000002662       0x32 ./zf_device/zf_device_dm1xa.o
                0x0000000000002662                dm1xa_light_callback
 .text.gps_uart_callback
                0x0000000000002694      0x10e ./zf_device/zf_device_gps_tau1201.o
                0x0000000000002694                gps_uart_callback
 .text.ips114_write_index
                0x00000000000027a2       0x44 ./zf_device/zf_device_ips114.o
 .text.ips114_set_region
                0x00000000000027e6      0x26c ./zf_device/zf_device_ips114.o
 .text.ips114_debug_init
                0x0000000000002a52       0x86 ./zf_device/zf_device_ips114.o
 .text.ips114_clear
                0x0000000000002ad8       0x8a ./zf_device/zf_device_ips114.o
                0x0000000000002ad8                ips114_clear
 .text.ips114_set_dir
                0x0000000000002b62       0x4c ./zf_device/zf_device_ips114.o
                0x0000000000002b62                ips114_set_dir
 .text.ips114_set_color
                0x0000000000002bae       0x34 ./zf_device/zf_device_ips114.o
                0x0000000000002bae                ips114_set_color
 .text.ips114_show_char
                0x0000000000002be2      0x2ba ./zf_device/zf_device_ips114.o
                0x0000000000002be2                ips114_show_char
 .text.ips114_show_string
                0x0000000000002e9c      0x110 ./zf_device/zf_device_ips114.o
                0x0000000000002e9c                ips114_show_string
 .text.ips114_show_int
                0x0000000000002fac      0x144 ./zf_device/zf_device_ips114.o
                0x0000000000002fac                ips114_show_int
 .text.ips114_show_gray_image
                0x00000000000030f0      0x202 ./zf_device/zf_device_ips114.o
                0x00000000000030f0                ips114_show_gray_image
 .text.ips114_init
                0x00000000000032f2      0x33e ./zf_device/zf_device_ips114.o
                0x00000000000032f2                ips114_init
 .text.mt9v03x_set_config
                0x0000000000003630      0x12c ./zf_device/zf_device_mt9v03x_dvp.o
 .text.mt9v03x_get_config
                0x000000000000375c      0x164 ./zf_device/zf_device_mt9v03x_dvp.o
 .text.mt9v03x_uart_handler
                0x00000000000038c0       0x44 ./zf_device/zf_device_mt9v03x_dvp.o
 .text.mt9v03x_dvp_handler
                0x0000000000003904       0x14 ./zf_device/zf_device_mt9v03x_dvp.o
                0x0000000000003904                mt9v03x_dvp_handler
 .text.mt9v03x_get_version
                0x0000000000003918       0xca ./zf_device/zf_device_mt9v03x_dvp.o
                0x0000000000003918                mt9v03x_get_version
 .text.mt9v03x_init
                0x00000000000039e2      0x172 ./zf_device/zf_device_mt9v03x_dvp.o
                0x00000000000039e2                mt9v03x_init
 .text.type_default_callback
                0x0000000000003b54        0xe ./zf_device/zf_device_type.o
 .text.set_camera_type
                0x0000000000003b62       0x52 ./zf_device/zf_device_type.o
                0x0000000000003b62                set_camera_type
 .text.clock_reset
                0x0000000000003bb4       0x76 ./zf_common/zf_common_clock.o
                0x0000000000003bb4                clock_reset
 .text.clock_set_freq
                0x0000000000003c2a      0x1de ./zf_common/zf_common_clock.o
                0x0000000000003c2a                clock_set_freq
 .text.clock_init
                0x0000000000003e08       0x2e ./zf_common/zf_common_clock.o
                0x0000000000003e08                clock_init
 .text.__NOP    0x0000000000003e36       0x10 ./zf_common/zf_common_debug.o
 .text.debug_delay
                0x0000000000003e46       0x52 ./zf_common/zf_common_debug.o
 .text.debug_protective_handler
                0x0000000000003e98        0xe ./zf_common/zf_common_debug.o
 .text.debug_uart_str_output
                0x0000000000003ea6       0x20 ./zf_common/zf_common_debug.o
 .text.debug_output
                0x0000000000003ec6      0x564 ./zf_common/zf_common_debug.o
 .text.debug_interrupr_handler
                0x000000000000442a       0x36 ./zf_common/zf_common_debug.o
                0x000000000000442a                debug_interrupr_handler
 .text._write   0x0000000000004460       0x7c ./zf_common/zf_common_debug.o
                0x0000000000004460                _write
 .text.debug_assert_handler
                0x00000000000044dc       0x68 ./zf_common/zf_common_debug.o
                0x00000000000044dc                debug_assert_handler
 .text.debug_log_handler
                0x0000000000004544       0x4e ./zf_common/zf_common_debug.o
                0x0000000000004544                debug_log_handler
 .text.debug_output_struct_init
                0x0000000000004592       0x5a ./zf_common/zf_common_debug.o
                0x0000000000004592                debug_output_struct_init
 .text.debug_output_init
                0x00000000000045ec       0xa8 ./zf_common/zf_common_debug.o
                0x00000000000045ec                debug_output_init
 .text.debug_init
                0x0000000000004694       0x6c ./zf_common/zf_common_debug.o
                0x0000000000004694                debug_init
 .text.fifo_head_offset
                0x0000000000004700       0x4e ./zf_common/zf_common_fifo.o
 .text.fifo_end_offset
                0x000000000000474e       0x4e ./zf_common/zf_common_fifo.o
 .text.fifo_clear
                0x000000000000479c      0x100 ./zf_common/zf_common_fifo.o
                0x000000000000479c                fifo_clear
 .text.fifo_used
                0x000000000000489c       0x44 ./zf_common/zf_common_fifo.o
                0x000000000000489c                fifo_used
 .text.fifo_write_element
                0x00000000000048e0      0x118 ./zf_common/zf_common_fifo.o
                0x00000000000048e0                fifo_write_element
 .text.fifo_write_buffer
                0x00000000000049f8      0x304 ./zf_common/zf_common_fifo.o
                0x00000000000049f8                fifo_write_buffer
 .text.fifo_read_buffer
                0x0000000000004cfc      0x2e0 ./zf_common/zf_common_fifo.o
                0x0000000000004cfc                fifo_read_buffer
 .text.fifo_init
                0x0000000000004fdc       0x96 ./zf_common/zf_common_fifo.o
                0x0000000000004fdc                fifo_init
 .text.func_int_to_str
                0x0000000000005072      0x116 ./zf_common/zf_common_function.o
                0x0000000000005072                func_int_to_str
 .text.__enable_irq
                0x0000000000005188       0x18 ./zf_common/zf_common_interrupt.o
 .text.__disable_irq
                0x00000000000051a0       0x14 ./zf_common/zf_common_interrupt.o
 .text.NVIC_EnableIRQ
                0x00000000000051b4       0x32 ./zf_common/zf_common_interrupt.o
 .text.NVIC_DisableIRQ
                0x00000000000051e6       0x32 ./zf_common/zf_common_interrupt.o
 .text.NVIC_SetPriority
                0x0000000000005218       0x2a ./zf_common/zf_common_interrupt.o
 .text.interrupt_enable
                0x0000000000005242       0x1e ./zf_common/zf_common_interrupt.o
                0x0000000000005242                interrupt_enable
 .text.interrupt_disable
                0x0000000000005260       0x1e ./zf_common/zf_common_interrupt.o
                0x0000000000005260                interrupt_disable
 .text.interrupt_set_priority
                0x000000000000527e       0x2a ./zf_common/zf_common_interrupt.o
                0x000000000000527e                interrupt_set_priority
 .text.interrupt_global_enable
                0x00000000000052a8       0x32 ./zf_common/zf_common_interrupt.o
                0x00000000000052a8                interrupt_global_enable
 .text.interrupt_global_disable
                0x00000000000052da       0x2c ./zf_common/zf_common_interrupt.o
                0x00000000000052da                interrupt_global_disable
 .text.interrupt_init
                0x0000000000005306       0x18 ./zf_common/zf_common_interrupt.o
                0x0000000000005306                interrupt_init
 .text.draw_line
                0x000000000000531e      0x398 ./user_c/image.o
                0x000000000000531e                draw_line
 .text.Line_Curvature
                0x00000000000056b6      0x20a ./user_c/image.o
                0x00000000000056b6                Line_Curvature
 .text.Image_Compress
                0x00000000000058c0       0xda ./user_c/image.o
                0x00000000000058c0                Image_Compress
 .text.otsuThreshold
                0x000000000000599a      0x442 ./user_c/image.o
                0x000000000000599a                otsuThreshold
 .text.Image_Binary
                0x0000000000005ddc      0x122 ./user_c/image.o
                0x0000000000005ddc                Image_Binary
 .text.Cricle   0x0000000000005efe      0x126 ./user_c/image.o
                0x0000000000005efe                Cricle
 .text.Search_Line
                0x0000000000006024     0x144a ./user_c/image.o
                0x0000000000006024                Search_Line
 .text.Show_Line
                0x000000000000746e      0x170 ./user_c/image.o
                0x000000000000746e                Show_Line
 .text.Image_Filter
                0x00000000000075de      0x1fa ./user_c/image.o
                0x00000000000075de                Image_Filter
 .text.image_draw_rectan
                0x00000000000077d8       0xce ./user_c/image.o
                0x00000000000077d8                image_draw_rectan
 .text.Image_Process
                0x00000000000078a6      0x158 ./user_c/image.o
                0x00000000000078a6                Image_Process
 .text.USART1_IRQHandler
                0x00000000000079fe       0xc4 ./user_c/isr.o
                0x00000000000079fe                USART1_IRQHandler
 .text.USART2_IRQHandler
                0x0000000000007ac2       0xc4 ./user_c/isr.o
                0x0000000000007ac2                USART2_IRQHandler
 .text.USART3_IRQHandler
                0x0000000000007b86       0xc8 ./user_c/isr.o
                0x0000000000007b86                USART3_IRQHandler
 .text.UART4_IRQHandler
                0x0000000000007c4e       0xc4 ./user_c/isr.o
                0x0000000000007c4e                UART4_IRQHandler
 .text.UART5_IRQHandler
                0x0000000000007d12       0xc2 ./user_c/isr.o
                0x0000000000007d12                UART5_IRQHandler
 .text.UART6_IRQHandler
                0x0000000000007dd4       0xc4 ./user_c/isr.o
                0x0000000000007dd4                UART6_IRQHandler
 .text.UART7_IRQHandler
                0x0000000000007e98       0xca ./user_c/isr.o
                0x0000000000007e98                UART7_IRQHandler
 .text.UART8_IRQHandler
                0x0000000000007f62       0xc0 ./user_c/isr.o
                0x0000000000007f62                UART8_IRQHandler
 .text.DVP_IRQHandler
                0x0000000000008022       0xd0 ./user_c/isr.o
                0x0000000000008022                DVP_IRQHandler
 .text.EXTI0_IRQHandler
                0x00000000000080f2       0xb4 ./user_c/isr.o
                0x00000000000080f2                EXTI0_IRQHandler
 .text.EXTI1_IRQHandler
                0x00000000000081a6       0xb4 ./user_c/isr.o
                0x00000000000081a6                EXTI1_IRQHandler
 .text.EXTI2_IRQHandler
                0x000000000000825a       0xb4 ./user_c/isr.o
                0x000000000000825a                EXTI2_IRQHandler
 .text.EXTI3_IRQHandler
                0x000000000000830e       0xb4 ./user_c/isr.o
                0x000000000000830e                EXTI3_IRQHandler
 .text.EXTI4_IRQHandler
                0x00000000000083c2       0xb4 ./user_c/isr.o
                0x00000000000083c2                EXTI4_IRQHandler
 .text.EXTI9_5_IRQHandler
                0x0000000000008476      0x118 ./user_c/isr.o
                0x0000000000008476                EXTI9_5_IRQHandler
 .text.EXTI15_10_IRQHandler
                0x000000000000858e      0x132 ./user_c/isr.o
                0x000000000000858e                EXTI15_10_IRQHandler
 .text.TIM1_UP_IRQHandler
                0x00000000000086c0       0xc0 ./user_c/isr.o
                0x00000000000086c0                TIM1_UP_IRQHandler
 .text.TIM2_IRQHandler
                0x0000000000008780       0xb8 ./user_c/isr.o
                0x0000000000008780                TIM2_IRQHandler
 .text.TIM3_IRQHandler
                0x0000000000008838       0xc0 ./user_c/isr.o
                0x0000000000008838                TIM3_IRQHandler
 .text.TIM4_IRQHandler
                0x00000000000088f8       0xc0 ./user_c/isr.o
                0x00000000000088f8                TIM4_IRQHandler
 .text.TIM5_IRQHandler
                0x00000000000089b8       0xc0 ./user_c/isr.o
                0x00000000000089b8                TIM5_IRQHandler
 .text.TIM6_IRQHandler
                0x0000000000008a78       0xb8 ./user_c/isr.o
                0x0000000000008a78                TIM6_IRQHandler
 .text.TIM7_IRQHandler
                0x0000000000008b30       0xc0 ./user_c/isr.o
                0x0000000000008b30                TIM7_IRQHandler
 .text.TIM8_UP_IRQHandler
                0x0000000000008bf0       0xc0 ./user_c/isr.o
                0x0000000000008bf0                TIM8_UP_IRQHandler
 .text.TIM9_UP_IRQHandler
                0x0000000000008cb0       0xc0 ./user_c/isr.o
                0x0000000000008cb0                TIM9_UP_IRQHandler
 .text.TIM10_UP_IRQHandler
                0x0000000000008d70       0xb8 ./user_c/isr.o
                0x0000000000008d70                TIM10_UP_IRQHandler
 .text.NMI_Handler
                0x0000000000008e28       0x10 ./user_c/isr.o
                0x0000000000008e28                NMI_Handler
 .text.HardFault_Handler
                0x0000000000008e38        0x8 ./user_c/isr.o
                0x0000000000008e38                HardFault_Handler
 .text.main     0x0000000000008e40       0x7a ./user_c/main.o
                0x0000000000008e40                main
 .text.Motor_Init
                0x0000000000008eba       0x5a ./user_c/motor.o
                0x0000000000008eba                Motor_Init
 .text.Set_Left_Motor_Duty
                0x0000000000008f14       0xb0 ./user_c/motor.o
                0x0000000000008f14                Set_Left_Motor_Duty
 .text.Set_Right_Motor_Duty
                0x0000000000008fc4       0xb0 ./user_c/motor.o
                0x0000000000008fc4                Set_Right_Motor_Duty
 .text.Pid_Left_Motor
                0x0000000000009074       0x96 ./user_c/motor.o
                0x0000000000009074                Pid_Left_Motor
 .text.Pid_Right_Motor
                0x000000000000910a       0x96 ./user_c/motor.o
                0x000000000000910a                Pid_Right_Motor
 .text.vector_handler
                0x00000000000091a0       0xbe ./sdk/Startup/startup_ch32v30x_D8C.o
                0x00000000000091a4                Ecall_M_Mode_Handler
                0x00000000000091a6                Ecall_U_Mode_Handler
                0x00000000000091a8                Break_Point_Handler
                0x00000000000091aa                SysTick_Handler
                0x00000000000091ac                SW_Handler
                0x00000000000091ae                WWDG_IRQHandler
                0x00000000000091b0                PVD_IRQHandler
                0x00000000000091b2                TAMPER_IRQHandler
                0x00000000000091b4                RTC_IRQHandler
                0x00000000000091b6                FLASH_IRQHandler
                0x00000000000091b8                RCC_IRQHandler
                0x00000000000091c4                DMA1_Channel1_IRQHandler
                0x00000000000091c6                DMA1_Channel2_IRQHandler
                0x00000000000091c8                DMA1_Channel3_IRQHandler
                0x00000000000091ca                DMA1_Channel4_IRQHandler
                0x00000000000091cc                DMA1_Channel5_IRQHandler
                0x00000000000091ce                DMA1_Channel6_IRQHandler
                0x00000000000091d0                DMA1_Channel7_IRQHandler
                0x00000000000091d2                ADC1_2_IRQHandler
                0x00000000000091d4                USB_HP_CAN1_TX_IRQHandler
                0x00000000000091d6                USB_LP_CAN1_RX0_IRQHandler
                0x00000000000091d8                CAN1_RX1_IRQHandler
                0x00000000000091da                CAN1_SCE_IRQHandler
                0x00000000000091de                TIM1_BRK_IRQHandler
                0x00000000000091e2                TIM1_TRG_COM_IRQHandler
                0x00000000000091e4                TIM1_CC_IRQHandler
                0x00000000000091ec                I2C1_EV_IRQHandler
                0x00000000000091ee                I2C1_ER_IRQHandler
                0x00000000000091f0                I2C2_EV_IRQHandler
                0x00000000000091f2                I2C2_ER_IRQHandler
                0x00000000000091f4                SPI1_IRQHandler
                0x00000000000091f6                SPI2_IRQHandler
                0x0000000000009200                RTCAlarm_IRQHandler
                0x0000000000009202                USBWakeUp_IRQHandler
                0x0000000000009204                TIM8_BRK_IRQHandler
                0x0000000000009208                TIM8_TRG_COM_IRQHandler
                0x000000000000920a                TIM8_CC_IRQHandler
                0x000000000000920c                RNG_IRQHandler
                0x000000000000920e                FSMC_IRQHandler
                0x0000000000009210                SDIO_IRQHandler
                0x0000000000009214                SPI3_IRQHandler
                0x000000000000921e                DMA2_Channel1_IRQHandler
                0x0000000000009220                DMA2_Channel2_IRQHandler
                0x0000000000009222                DMA2_Channel3_IRQHandler
                0x0000000000009224                DMA2_Channel4_IRQHandler
                0x0000000000009226                DMA2_Channel5_IRQHandler
                0x0000000000009228                ETH_IRQHandler
                0x000000000000922a                ETH_WKUP_IRQHandler
                0x000000000000922c                CAN2_TX_IRQHandler
                0x000000000000922e                CAN2_RX0_IRQHandler
                0x0000000000009230                CAN2_RX1_IRQHandler
                0x0000000000009232                CAN2_SCE_IRQHandler
                0x0000000000009236                USBHSWakeup_IRQHandler
                0x0000000000009238                USBHS_IRQHandler
                0x0000000000009242                TIM9_BRK_IRQHandler
                0x0000000000009246                TIM9_TRG_COM_IRQHandler
                0x0000000000009248                TIM9_CC_IRQHandler
                0x000000000000924a                TIM10_BRK_IRQHandler
                0x000000000000924e                TIM10_TRG_COM_IRQHandler
                0x0000000000009250                TIM10_CC_IRQHandler
                0x0000000000009252                DMA2_Channel6_IRQHandler
                0x0000000000009254                DMA2_Channel7_IRQHandler
                0x0000000000009256                DMA2_Channel8_IRQHandler
                0x0000000000009258                DMA2_Channel9_IRQHandler
                0x000000000000925a                DMA2_Channel10_IRQHandler
                0x000000000000925c                DMA2_Channel11_IRQHandler
 .text.handle_reset
                0x000000000000925e       0x8a ./sdk/Startup/startup_ch32v30x_D8C.o
                0x000000000000925e                handle_reset
 .text.EXTI_GetITStatus
                0x00000000000092e8       0x56 ./sdk/Peripheral/ch32v30x_exti.o
                0x00000000000092e8                EXTI_GetITStatus
 .text.EXTI_ClearITPendingBit
                0x000000000000933e       0x20 ./sdk/Peripheral/ch32v30x_exti.o
                0x000000000000933e                EXTI_ClearITPendingBit
 .text.GPIO_Init
                0x000000000000935e      0x22a ./sdk/Peripheral/ch32v30x_gpio.o
                0x000000000000935e                GPIO_Init
 .text.GPIO_WriteBit
                0x0000000000009588       0x38 ./sdk/Peripheral/ch32v30x_gpio.o
                0x0000000000009588                GPIO_WriteBit
 .text.GPIO_PinRemapConfig
                0x00000000000095c0      0x1c8 ./sdk/Peripheral/ch32v30x_gpio.o
                0x00000000000095c0                GPIO_PinRemapConfig
 .text.RCC_GetClocksFreq
                0x0000000000009788      0x2c6 ./sdk/Peripheral/ch32v30x_rcc.o
                0x0000000000009788                RCC_GetClocksFreq
 .text.RCC_AHBPeriphClockCmd
                0x0000000000009a4e       0x46 ./sdk/Peripheral/ch32v30x_rcc.o
                0x0000000000009a4e                RCC_AHBPeriphClockCmd
 .text.RCC_APB2PeriphClockCmd
                0x0000000000009a94       0x46 ./sdk/Peripheral/ch32v30x_rcc.o
                0x0000000000009a94                RCC_APB2PeriphClockCmd
 .text.RCC_APB1PeriphClockCmd
                0x0000000000009ada       0x46 ./sdk/Peripheral/ch32v30x_rcc.o
                0x0000000000009ada                RCC_APB1PeriphClockCmd
 .text.RCC_APB2PeriphResetCmd
                0x0000000000009b20       0x46 ./sdk/Peripheral/ch32v30x_rcc.o
                0x0000000000009b20                RCC_APB2PeriphResetCmd
 .text.RCC_APB1PeriphResetCmd
                0x0000000000009b66       0x46 ./sdk/Peripheral/ch32v30x_rcc.o
                0x0000000000009b66                RCC_APB1PeriphResetCmd
 .text.SPI_I2S_DeInit
                0x0000000000009bac       0x76 ./sdk/Peripheral/ch32v30x_spi.o
                0x0000000000009bac                SPI_I2S_DeInit
 .text.SPI_Init
                0x0000000000009c22       0xf8 ./sdk/Peripheral/ch32v30x_spi.o
                0x0000000000009c22                SPI_Init
 .text.SPI_Cmd  0x0000000000009d1a       0x5a ./sdk/Peripheral/ch32v30x_spi.o
                0x0000000000009d1a                SPI_Cmd
 .text.TIM_TimeBaseInit
                0x0000000000009d74      0x17e ./sdk/Peripheral/ch32v30x_tim.o
                0x0000000000009d74                TIM_TimeBaseInit
 .text.TIM_OC1Init
                0x0000000000009ef2      0x19c ./sdk/Peripheral/ch32v30x_tim.o
                0x0000000000009ef2                TIM_OC1Init
 .text.TIM_OC2Init
                0x000000000000a08e      0x1e2 ./sdk/Peripheral/ch32v30x_tim.o
                0x000000000000a08e                TIM_OC2Init
 .text.TIM_OC3Init
                0x000000000000a270      0x1dc ./sdk/Peripheral/ch32v30x_tim.o
                0x000000000000a270                TIM_OC3Init
 .text.TIM_OC4Init
                0x000000000000a44c      0x176 ./sdk/Peripheral/ch32v30x_tim.o
                0x000000000000a44c                TIM_OC4Init
 .text.TIM_Cmd  0x000000000000a5c2       0x58 ./sdk/Peripheral/ch32v30x_tim.o
                0x000000000000a5c2                TIM_Cmd
 .text.TIM_CtrlPWMOutputs
                0x000000000000a61a       0x60 ./sdk/Peripheral/ch32v30x_tim.o
                0x000000000000a61a                TIM_CtrlPWMOutputs
 .text.TIM_OC1PreloadConfig
                0x000000000000a67a       0x4c ./sdk/Peripheral/ch32v30x_tim.o
                0x000000000000a67a                TIM_OC1PreloadConfig
 .text.TIM_OC2PreloadConfig
                0x000000000000a6c6       0x5a ./sdk/Peripheral/ch32v30x_tim.o
                0x000000000000a6c6                TIM_OC2PreloadConfig
 .text.TIM_OC3PreloadConfig
                0x000000000000a720       0x4c ./sdk/Peripheral/ch32v30x_tim.o
                0x000000000000a720                TIM_OC3PreloadConfig
 .text.TIM_OC4PreloadConfig
                0x000000000000a76c       0x5a ./sdk/Peripheral/ch32v30x_tim.o
                0x000000000000a76c                TIM_OC4PreloadConfig
 .text.TIM_OC1FastConfig
                0x000000000000a7c6       0x4c ./sdk/Peripheral/ch32v30x_tim.o
                0x000000000000a7c6                TIM_OC1FastConfig
 .text.TIM_OC2FastConfig
                0x000000000000a812       0x56 ./sdk/Peripheral/ch32v30x_tim.o
                0x000000000000a812                TIM_OC2FastConfig
 .text.TIM_OC3FastConfig
                0x000000000000a868       0x4c ./sdk/Peripheral/ch32v30x_tim.o
                0x000000000000a868                TIM_OC3FastConfig
 .text.TIM_OC4FastConfig
                0x000000000000a8b4       0x56 ./sdk/Peripheral/ch32v30x_tim.o
                0x000000000000a8b4                TIM_OC4FastConfig
 .text.TIM_GetITStatus
                0x000000000000a90a       0x70 ./sdk/Peripheral/ch32v30x_tim.o
                0x000000000000a90a                TIM_GetITStatus
 .text.TIM_ClearITPendingBit
                0x000000000000a97a       0x2e ./sdk/Peripheral/ch32v30x_tim.o
                0x000000000000a97a                TIM_ClearITPendingBit
 .text.USART_Init
                0x000000000000a9a8      0x234 ./sdk/Peripheral/ch32v30x_usart.o
                0x000000000000a9a8                USART_Init
 .text.USART_Cmd
                0x000000000000abdc       0x60 ./sdk/Peripheral/ch32v30x_usart.o
                0x000000000000abdc                USART_Cmd
 .text.USART_ITConfig
                0x000000000000ac3c       0xc4 ./sdk/Peripheral/ch32v30x_usart.o
                0x000000000000ac3c                USART_ITConfig
 .text.USART_SendData
                0x000000000000ad00       0x2e ./sdk/Peripheral/ch32v30x_usart.o
                0x000000000000ad00                USART_SendData
 .text.USART_GetFlagStatus
                0x000000000000ad2e       0x46 ./sdk/Peripheral/ch32v30x_usart.o
                0x000000000000ad2e                USART_GetFlagStatus
 .text.USART_GetITStatus
                0x000000000000ad74      0x102 ./sdk/Peripheral/ch32v30x_usart.o
                0x000000000000ad74                USART_GetITStatus
 .text.USART_ClearITPendingBit
                0x000000000000ae76       0x4e ./sdk/Peripheral/ch32v30x_usart.o
                0x000000000000ae76                USART_ClearITPendingBit
 .text.DevEP1_IN_Deal
                0x000000000000aec4       0x3e ./sdk/Peripheral/ch32v30x_usbotg_device.o
                0x000000000000aec4                DevEP1_IN_Deal
 .text.DevEP2_IN_Deal
                0x000000000000af02       0x3e ./sdk/Peripheral/ch32v30x_usbotg_device.o
                0x000000000000af02                DevEP2_IN_Deal
 .text.DevEP1_OUT_Deal
                0x000000000000af40       0x66 ./sdk/Peripheral/ch32v30x_usbotg_device.o
                0x000000000000af40                DevEP1_OUT_Deal
 .text.DevEP2_OUT_Deal
                0x000000000000afa6       0x66 ./sdk/Peripheral/ch32v30x_usbotg_device.o
                0x000000000000afa6                DevEP2_OUT_Deal
 .text.OTG_FS_IRQHandler
                0x000000000000b00c      0xd16 ./sdk/Peripheral/ch32v30x_usbotg_device.o
                0x000000000000b00c                OTG_FS_IRQHandler
 .text.mt9v03x_write_word_sccb
                0x000000000000bd22       0x34 D:\smartcar\Seekfree_CH32V307VCT6_Opensource_Library\libraries\zf_device\libzf_device_config.a(zf_device_config.o)
 .text.mt9v03x_set_config_sccb
                0x000000000000bd56      0x602 D:\smartcar\Seekfree_CH32V307VCT6_Opensource_Library\libraries\zf_device\libzf_device_config.a(zf_device_config.o)
                0x000000000000bd56                mt9v03x_set_config_sccb
 .text.__adddf3
                0x000000000000c358      0xa0e c:/mounriver/mounriver_studio/toolchain/risc-v embedded gcc/bin/../lib/gcc/riscv-none-embed/8.2.0/rv32imafc/ilp32f\libgcc.a(adddf3.o)
                0x000000000000c358                __adddf3
 .text.__divdf3
                0x000000000000cd66      0x7ea c:/mounriver/mounriver_studio/toolchain/risc-v embedded gcc/bin/../lib/gcc/riscv-none-embed/8.2.0/rv32imafc/ilp32f\libgcc.a(divdf3.o)
                0x000000000000cd66                __divdf3
 .text.__eqdf2  0x000000000000d550       0x98 c:/mounriver/mounriver_studio/toolchain/risc-v embedded gcc/bin/../lib/gcc/riscv-none-embed/8.2.0/rv32imafc/ilp32f\libgcc.a(eqdf2.o)
                0x000000000000d550                __nedf2
                0x000000000000d550                __eqdf2
 .text.__gedf2  0x000000000000d5e8       0xb6 c:/mounriver/mounriver_studio/toolchain/risc-v embedded gcc/bin/../lib/gcc/riscv-none-embed/8.2.0/rv32imafc/ilp32f\libgcc.a(gedf2.o)
                0x000000000000d5e8                __gedf2
                0x000000000000d5e8                __gtdf2
 .text.__ledf2  0x000000000000d69e       0xb6 c:/mounriver/mounriver_studio/toolchain/risc-v embedded gcc/bin/../lib/gcc/riscv-none-embed/8.2.0/rv32imafc/ilp32f\libgcc.a(ledf2.o)
                0x000000000000d69e                __ledf2
                0x000000000000d69e                __ltdf2
 .text.__muldf3
                0x000000000000d754      0x656 c:/mounriver/mounriver_studio/toolchain/risc-v embedded gcc/bin/../lib/gcc/riscv-none-embed/8.2.0/rv32imafc/ilp32f\libgcc.a(muldf3.o)
                0x000000000000d754                __muldf3
 .text.__subdf3
                0x000000000000ddaa      0xa8c c:/mounriver/mounriver_studio/toolchain/risc-v embedded gcc/bin/../lib/gcc/riscv-none-embed/8.2.0/rv32imafc/ilp32f\libgcc.a(subdf3.o)
                0x000000000000ddaa                __subdf3
 .text.__unorddf2
                0x000000000000e836       0x7c c:/mounriver/mounriver_studio/toolchain/risc-v embedded gcc/bin/../lib/gcc/riscv-none-embed/8.2.0/rv32imafc/ilp32f\libgcc.a(unorddf2.o)
                0x000000000000e836                __unorddf2
 .text.__fixdfsi
                0x000000000000e8b2       0xd8 c:/mounriver/mounriver_studio/toolchain/risc-v embedded gcc/bin/../lib/gcc/riscv-none-embed/8.2.0/rv32imafc/ilp32f\libgcc.a(fixdfsi.o)
                0x000000000000e8b2                __fixdfsi
 .text.__fixunsdfsi
                0x000000000000e98a       0x9e c:/mounriver/mounriver_studio/toolchain/risc-v embedded gcc/bin/../lib/gcc/riscv-none-embed/8.2.0/rv32imafc/ilp32f\libgcc.a(fixunsdfsi.o)
                0x000000000000e98a                __fixunsdfsi
 .text.__floatsidf
                0x000000000000ea28       0x70 c:/mounriver/mounriver_studio/toolchain/risc-v embedded gcc/bin/../lib/gcc/riscv-none-embed/8.2.0/rv32imafc/ilp32f\libgcc.a(floatsidf.o)
                0x000000000000ea28                __floatsidf
 .text.__floatunsidf
                0x000000000000ea98       0x66 c:/mounriver/mounriver_studio/toolchain/risc-v embedded gcc/bin/../lib/gcc/riscv-none-embed/8.2.0/rv32imafc/ilp32f\libgcc.a(floatunsidf.o)
                0x000000000000ea98                __floatunsidf
 .text.__extendsfdf2
                0x000000000000eafe       0xe8 c:/mounriver/mounriver_studio/toolchain/risc-v embedded gcc/bin/../lib/gcc/riscv-none-embed/8.2.0/rv32imafc/ilp32f\libgcc.a(extendsfdf2.o)
                0x000000000000eafe                __extendsfdf2
 .text.__truncdfsf2
                0x000000000000ebe6      0x31e c:/mounriver/mounriver_studio/toolchain/risc-v embedded gcc/bin/../lib/gcc/riscv-none-embed/8.2.0/rv32imafc/ilp32f\libgcc.a(truncdfsf2.o)
                0x000000000000ebe6                __truncdfsf2
 .text.__clzsi2
                0x000000000000ef04       0x76 c:/mounriver/mounriver_studio/toolchain/risc-v embedded gcc/bin/../lib/gcc/riscv-none-embed/8.2.0/rv32imafc/ilp32f\libgcc.a(_clzsi2.o)
                0x000000000000ef04                __clzsi2
 .text.memcpy   0x000000000000ef7a       0xb6 c:/mounriver/mounriver_studio/toolchain/risc-v embedded gcc/bin/../lib/gcc/riscv-none-embed/8.2.0/../../../../riscv-none-embed/lib/rv32imafc/ilp32f\libg_nano.a(lib_a-memcpy.o)
                0x000000000000ef7a                memcpy
 .text.__cvt    0x000000000000f030       0xee c:/mounriver/mounriver_studio/toolchain/risc-v embedded gcc/bin/../lib/gcc/riscv-none-embed/8.2.0/../../../../riscv-none-embed/lib/rv32imafc/ilp32f\libg_nano.a(lib_a-nano-vfprintf_float.o)
                0x000000000000f030                __cvt
 .text.__exponent
                0x000000000000f11e       0x8c c:/mounriver/mounriver_studio/toolchain/risc-v embedded gcc/bin/../lib/gcc/riscv-none-embed/8.2.0/../../../../riscv-none-embed/lib/rv32imafc/ilp32f\libg_nano.a(lib_a-nano-vfprintf_float.o)
                0x000000000000f11e                __exponent
 .text._printf_float
                0x000000000000f1aa      0x4c4 c:/mounriver/mounriver_studio/toolchain/risc-v embedded gcc/bin/../lib/gcc/riscv-none-embed/8.2.0/../../../../riscv-none-embed/lib/rv32imafc/ilp32f\libg_nano.a(lib_a-nano-vfprintf_float.o)
                0x000000000000f1aa                _printf_float
 .text._printf_common
                0x000000000000f66e      0x10c c:/mounriver/mounriver_studio/toolchain/risc-v embedded gcc/bin/../lib/gcc/riscv-none-embed/8.2.0/../../../../riscv-none-embed/lib/rv32imafc/ilp32f\libg_nano.a(lib_a-nano-vfprintf_i.o)
                0x000000000000f66e                _printf_common
 .text._printf_i
                0x000000000000f77a      0x2ac c:/mounriver/mounriver_studio/toolchain/risc-v embedded gcc/bin/../lib/gcc/riscv-none-embed/8.2.0/../../../../riscv-none-embed/lib/rv32imafc/ilp32f\libg_nano.a(lib_a-nano-vfprintf_i.o)
                0x000000000000f77a                _printf_i
 .text.printf   0x000000000000fa26       0x42 c:/mounriver/mounriver_studio/toolchain/risc-v embedded gcc/bin/../lib/gcc/riscv-none-embed/8.2.0/../../../../riscv-none-embed/lib/rv32imafc/ilp32f\libg_nano.a(lib_a-printf.o)
                0x000000000000fa26                iprintf
                0x000000000000fa26                printf
 .text.sprintf  0x000000000000fa68       0x46 c:/mounriver/mounriver_studio/toolchain/risc-v embedded gcc/bin/../lib/gcc/riscv-none-embed/8.2.0/../../../../riscv-none-embed/lib/rv32imafc/ilp32f\libg_nano.a(lib_a-sprintf.o)
                0x000000000000fa68                siprintf
                0x000000000000fa68                sprintf
 .text.strlen   0x000000000000faae       0x12 c:/mounriver/mounriver_studio/toolchain/risc-v embedded gcc/bin/../lib/gcc/riscv-none-embed/8.2.0/../../../../riscv-none-embed/lib/rv32imafc/ilp32f\libg_nano.a(lib_a-strlen.o)
                0x000000000000faae                strlen
 .text.strncmp  0x000000000000fac0       0x2c c:/mounriver/mounriver_studio/toolchain/risc-v embedded gcc/bin/../lib/gcc/riscv-none-embed/8.2.0/../../../../riscv-none-embed/lib/rv32imafc/ilp32f\libg_nano.a(lib_a-strncmp.o)
                0x000000000000fac0                strncmp
 .text.quorem   0x000000000000faec      0x13a c:/mounriver/mounriver_studio/toolchain/risc-v embedded gcc/bin/../lib/gcc/riscv-none-embed/8.2.0/../../../../riscv-none-embed/lib/rv32imafc/ilp32f\libg_nano.a(lib_a-dtoa.o)
 .text._dtoa_r  0x000000000000fc26      0xbea c:/mounriver/mounriver_studio/toolchain/risc-v embedded gcc/bin/../lib/gcc/riscv-none-embed/8.2.0/../../../../riscv-none-embed/lib/rv32imafc/ilp32f\libg_nano.a(lib_a-dtoa.o)
                0x000000000000fc26                _dtoa_r
 .text.std      0x0000000000010810       0x6a c:/mounriver/mounriver_studio/toolchain/risc-v embedded gcc/bin/../lib/gcc/riscv-none-embed/8.2.0/../../../../riscv-none-embed/lib/rv32imafc/ilp32f\libg_nano.a(lib_a-findfp.o)
 .text._cleanup_r
                0x000000000001087a        0xa c:/mounriver/mounriver_studio/toolchain/risc-v embedded gcc/bin/../lib/gcc/riscv-none-embed/8.2.0/../../../../riscv-none-embed/lib/rv32imafc/ilp32f\libg_nano.a(lib_a-findfp.o)
                0x000000000001087a                _cleanup_r
 .text.__sfmoreglue
                0x0000000000010884       0x48 c:/mounriver/mounriver_studio/toolchain/risc-v embedded gcc/bin/../lib/gcc/riscv-none-embed/8.2.0/../../../../riscv-none-embed/lib/rv32imafc/ilp32f\libg_nano.a(lib_a-findfp.o)
                0x0000000000010884                __sfmoreglue
 .text.__sinit  0x00000000000108cc       0x6c c:/mounriver/mounriver_studio/toolchain/risc-v embedded gcc/bin/../lib/gcc/riscv-none-embed/8.2.0/../../../../riscv-none-embed/lib/rv32imafc/ilp32f\libg_nano.a(lib_a-findfp.o)
                0x00000000000108cc                __sinit
 .text.__sfp    0x0000000000010938       0xa0 c:/mounriver/mounriver_studio/toolchain/risc-v embedded gcc/bin/../lib/gcc/riscv-none-embed/8.2.0/../../../../riscv-none-embed/lib/rv32imafc/ilp32f\libg_nano.a(lib_a-findfp.o)
                0x0000000000010938                __sfp
 .text._fwalk_reent
                0x00000000000109d8       0x6c c:/mounriver/mounriver_studio/toolchain/risc-v embedded gcc/bin/../lib/gcc/riscv-none-embed/8.2.0/../../../../riscv-none-embed/lib/rv32imafc/ilp32f\libg_nano.a(lib_a-fwalk.o)
                0x00000000000109d8                _fwalk_reent
 .text._localeconv_r
                0x0000000000010a44       0x18 c:/mounriver/mounriver_studio/toolchain/risc-v embedded gcc/bin/../lib/gcc/riscv-none-embed/8.2.0/../../../../riscv-none-embed/lib/rv32imafc/ilp32f\libg_nano.a(lib_a-localeconv.o)
                0x0000000000010a44                _localeconv_r
 .text.malloc   0x0000000000010a5c        0xc c:/mounriver/mounriver_studio/toolchain/risc-v embedded gcc/bin/../lib/gcc/riscv-none-embed/8.2.0/../../../../riscv-none-embed/lib/rv32imafc/ilp32f\libg_nano.a(lib_a-malloc.o)
                0x0000000000010a5c                malloc
 .text.memchr   0x0000000000010a68       0x1a c:/mounriver/mounriver_studio/toolchain/risc-v embedded gcc/bin/../lib/gcc/riscv-none-embed/8.2.0/../../../../riscv-none-embed/lib/rv32imafc/ilp32f\libg_nano.a(lib_a-memchr.o)
                0x0000000000010a68                memchr
 .text._Balloc  0x0000000000010a82       0x88 c:/mounriver/mounriver_studio/toolchain/risc-v embedded gcc/bin/../lib/gcc/riscv-none-embed/8.2.0/../../../../riscv-none-embed/lib/rv32imafc/ilp32f\libg_nano.a(lib_a-mprec.o)
                0x0000000000010a82                _Balloc
 .text._Bfree   0x0000000000010b0a       0x44 c:/mounriver/mounriver_studio/toolchain/risc-v embedded gcc/bin/../lib/gcc/riscv-none-embed/8.2.0/../../../../riscv-none-embed/lib/rv32imafc/ilp32f\libg_nano.a(lib_a-mprec.o)
                0x0000000000010b0a                _Bfree
 .text.__multadd
                0x0000000000010b4e       0x98 c:/mounriver/mounriver_studio/toolchain/risc-v embedded gcc/bin/../lib/gcc/riscv-none-embed/8.2.0/../../../../riscv-none-embed/lib/rv32imafc/ilp32f\libg_nano.a(lib_a-mprec.o)
                0x0000000000010b4e                __multadd
 .text.__hi0bits
                0x0000000000010be6       0x46 c:/mounriver/mounriver_studio/toolchain/risc-v embedded gcc/bin/../lib/gcc/riscv-none-embed/8.2.0/../../../../riscv-none-embed/lib/rv32imafc/ilp32f\libg_nano.a(lib_a-mprec.o)
                0x0000000000010be6                __hi0bits
 .text.__lo0bits
                0x0000000000010c2c       0x6a c:/mounriver/mounriver_studio/toolchain/risc-v embedded gcc/bin/../lib/gcc/riscv-none-embed/8.2.0/../../../../riscv-none-embed/lib/rv32imafc/ilp32f\libg_nano.a(lib_a-mprec.o)
                0x0000000000010c2c                __lo0bits
 .text.__i2b    0x0000000000010c96       0x1c c:/mounriver/mounriver_studio/toolchain/risc-v embedded gcc/bin/../lib/gcc/riscv-none-embed/8.2.0/../../../../riscv-none-embed/lib/rv32imafc/ilp32f\libg_nano.a(lib_a-mprec.o)
                0x0000000000010c96                __i2b
 .text.__multiply
                0x0000000000010cb2      0x144 c:/mounriver/mounriver_studio/toolchain/risc-v embedded gcc/bin/../lib/gcc/riscv-none-embed/8.2.0/../../../../riscv-none-embed/lib/rv32imafc/ilp32f\libg_nano.a(lib_a-mprec.o)
                0x0000000000010cb2                __multiply
 .text.__pow5mult
                0x0000000000010df6       0xbe c:/mounriver/mounriver_studio/toolchain/risc-v embedded gcc/bin/../lib/gcc/riscv-none-embed/8.2.0/../../../../riscv-none-embed/lib/rv32imafc/ilp32f\libg_nano.a(lib_a-mprec.o)
                0x0000000000010df6                __pow5mult
 .text.__lshift
                0x0000000000010eb4       0xce c:/mounriver/mounriver_studio/toolchain/risc-v embedded gcc/bin/../lib/gcc/riscv-none-embed/8.2.0/../../../../riscv-none-embed/lib/rv32imafc/ilp32f\libg_nano.a(lib_a-mprec.o)
                0x0000000000010eb4                __lshift
 .text.__mcmp   0x0000000000010f82       0x32 c:/mounriver/mounriver_studio/toolchain/risc-v embedded gcc/bin/../lib/gcc/riscv-none-embed/8.2.0/../../../../riscv-none-embed/lib/rv32imafc/ilp32f\libg_nano.a(lib_a-mprec.o)
                0x0000000000010f82                __mcmp
 .text.__mdiff  0x0000000000010fb4       0xf2 c:/mounriver/mounriver_studio/toolchain/risc-v embedded gcc/bin/../lib/gcc/riscv-none-embed/8.2.0/../../../../riscv-none-embed/lib/rv32imafc/ilp32f\libg_nano.a(lib_a-mprec.o)
                0x0000000000010fb4                __mdiff
 .text.__d2b    0x00000000000110a6       0xd4 c:/mounriver/mounriver_studio/toolchain/risc-v embedded gcc/bin/../lib/gcc/riscv-none-embed/8.2.0/../../../../riscv-none-embed/lib/rv32imafc/ilp32f\libg_nano.a(lib_a-mprec.o)
                0x00000000000110a6                __d2b
 .text._calloc_r
                0x000000000001117a       0x26 c:/mounriver/mounriver_studio/toolchain/risc-v embedded gcc/bin/../lib/gcc/riscv-none-embed/8.2.0/../../../../riscv-none-embed/lib/rv32imafc/ilp32f\libg_nano.a(lib_a-nano-callocr.o)
                0x000000000001117a                _calloc_r
 .text._free_r  0x00000000000111a0       0xa8 c:/mounriver/mounriver_studio/toolchain/risc-v embedded gcc/bin/../lib/gcc/riscv-none-embed/8.2.0/../../../../riscv-none-embed/lib/rv32imafc/ilp32f\libg_nano.a(lib_a-nano-freer.o)
                0x00000000000111a0                _free_r
 .text._malloc_r
                0x0000000000011248       0xd4 c:/mounriver/mounriver_studio/toolchain/risc-v embedded gcc/bin/../lib/gcc/riscv-none-embed/8.2.0/../../../../riscv-none-embed/lib/rv32imafc/ilp32f\libg_nano.a(lib_a-nano-mallocr.o)
                0x0000000000011248                _malloc_r
 .text.__ssputs_r
                0x000000000001131c       0xee c:/mounriver/mounriver_studio/toolchain/risc-v embedded gcc/bin/../lib/gcc/riscv-none-embed/8.2.0/../../../../riscv-none-embed/lib/rv32imafc/ilp32f\libg_nano.a(lib_a-nano-svfprintf.o)
                0x000000000001131c                __ssputs_r
 .text._svfprintf_r
                0x000000000001140a      0x27e c:/mounriver/mounriver_studio/toolchain/risc-v embedded gcc/bin/../lib/gcc/riscv-none-embed/8.2.0/../../../../riscv-none-embed/lib/rv32imafc/ilp32f\libg_nano.a(lib_a-nano-svfprintf.o)
                0x000000000001140a                _svfiprintf_r
                0x000000000001140a                _svfprintf_r
 .text.__sfputc_r
                0x0000000000011688       0x28 c:/mounriver/mounriver_studio/toolchain/risc-v embedded gcc/bin/../lib/gcc/riscv-none-embed/8.2.0/../../../../riscv-none-embed/lib/rv32imafc/ilp32f\libg_nano.a(lib_a-nano-vfprintf.o)
 .text.__sfputs_r
                0x00000000000116b0       0x44 c:/mounriver/mounriver_studio/toolchain/risc-v embedded gcc/bin/../lib/gcc/riscv-none-embed/8.2.0/../../../../riscv-none-embed/lib/rv32imafc/ilp32f\libg_nano.a(lib_a-nano-vfprintf.o)
                0x00000000000116b0                __sfputs_r
 .text._vfprintf_r
                0x00000000000116f4      0x29e c:/mounriver/mounriver_studio/toolchain/risc-v embedded gcc/bin/../lib/gcc/riscv-none-embed/8.2.0/../../../../riscv-none-embed/lib/rv32imafc/ilp32f\libg_nano.a(lib_a-nano-vfprintf.o)
                0x00000000000116f4                _vfprintf_r
                0x00000000000116f4                _vfiprintf_r
 .text._sbrk_r  0x0000000000011992       0x32 c:/mounriver/mounriver_studio/toolchain/risc-v embedded gcc/bin/../lib/gcc/riscv-none-embed/8.2.0/../../../../riscv-none-embed/lib/rv32imafc/ilp32f\libg_nano.a(lib_a-sbrkr.o)
                0x0000000000011992                _sbrk_r
 .text.__sread  0x00000000000119c4       0x30 c:/mounriver/mounriver_studio/toolchain/risc-v embedded gcc/bin/../lib/gcc/riscv-none-embed/8.2.0/../../../../riscv-none-embed/lib/rv32imafc/ilp32f\libg_nano.a(lib_a-stdio.o)
                0x00000000000119c4                __sread
 .text.__swrite
                0x00000000000119f4       0x4e c:/mounriver/mounriver_studio/toolchain/risc-v embedded gcc/bin/../lib/gcc/riscv-none-embed/8.2.0/../../../../riscv-none-embed/lib/rv32imafc/ilp32f\libg_nano.a(lib_a-stdio.o)
                0x00000000000119f4                __swrite
 .text.__sseek  0x0000000000011a42       0x36 c:/mounriver/mounriver_studio/toolchain/risc-v embedded gcc/bin/../lib/gcc/riscv-none-embed/8.2.0/../../../../riscv-none-embed/lib/rv32imafc/ilp32f\libg_nano.a(lib_a-stdio.o)
                0x0000000000011a42                __sseek
 .text.__sclose
                0x0000000000011a78        0x6 c:/mounriver/mounriver_studio/toolchain/risc-v embedded gcc/bin/../lib/gcc/riscv-none-embed/8.2.0/../../../../riscv-none-embed/lib/rv32imafc/ilp32f\libg_nano.a(lib_a-stdio.o)
                0x0000000000011a78                __sclose
 .text.__swbuf_r
                0x0000000000011a7e       0xc2 c:/mounriver/mounriver_studio/toolchain/risc-v embedded gcc/bin/../lib/gcc/riscv-none-embed/8.2.0/../../../../riscv-none-embed/lib/rv32imafc/ilp32f\libg_nano.a(lib_a-wbuf.o)
                0x0000000000011a7e                __swbuf_r
 .text._write_r
                0x0000000000011b40       0x36 c:/mounriver/mounriver_studio/toolchain/risc-v embedded gcc/bin/../lib/gcc/riscv-none-embed/8.2.0/../../../../riscv-none-embed/lib/rv32imafc/ilp32f\libg_nano.a(lib_a-writer.o)
                0x0000000000011b40                _write_r
 .text.__swsetup_r
                0x0000000000011b76      0x110 c:/mounriver/mounriver_studio/toolchain/risc-v embedded gcc/bin/../lib/gcc/riscv-none-embed/8.2.0/../../../../riscv-none-embed/lib/rv32imafc/ilp32f\libg_nano.a(lib_a-wsetup.o)
                0x0000000000011b76                __swsetup_r
 .text._close_r
                0x0000000000011c86       0x32 c:/mounriver/mounriver_studio/toolchain/risc-v embedded gcc/bin/../lib/gcc/riscv-none-embed/8.2.0/../../../../riscv-none-embed/lib/rv32imafc/ilp32f\libg_nano.a(lib_a-closer.o)
                0x0000000000011c86                _close_r
 .text.__sflush_r
                0x0000000000011cb8      0x13e c:/mounriver/mounriver_studio/toolchain/risc-v embedded gcc/bin/../lib/gcc/riscv-none-embed/8.2.0/../../../../riscv-none-embed/lib/rv32imafc/ilp32f\libg_nano.a(lib_a-fflush.o)
                0x0000000000011cb8                __sflush_r
 .text._fflush_r
                0x0000000000011df6       0x68 c:/mounriver/mounriver_studio/toolchain/risc-v embedded gcc/bin/../lib/gcc/riscv-none-embed/8.2.0/../../../../riscv-none-embed/lib/rv32imafc/ilp32f\libg_nano.a(lib_a-fflush.o)
                0x0000000000011df6                _fflush_r
 .text._lseek_r
                0x0000000000011e5e       0x34 c:/mounriver/mounriver_studio/toolchain/risc-v embedded gcc/bin/../lib/gcc/riscv-none-embed/8.2.0/../../../../riscv-none-embed/lib/rv32imafc/ilp32f\libg_nano.a(lib_a-lseekr.o)
                0x0000000000011e5e                _lseek_r
 .text.__swhatbuf_r
                0x0000000000011e92       0x58 c:/mounriver/mounriver_studio/toolchain/risc-v embedded gcc/bin/../lib/gcc/riscv-none-embed/8.2.0/../../../../riscv-none-embed/lib/rv32imafc/ilp32f\libg_nano.a(lib_a-makebuf.o)
                0x0000000000011e92                __swhatbuf_r
 .text.__smakebuf_r
                0x0000000000011eea       0xa0 c:/mounriver/mounriver_studio/toolchain/risc-v embedded gcc/bin/../lib/gcc/riscv-none-embed/8.2.0/../../../../riscv-none-embed/lib/rv32imafc/ilp32f\libg_nano.a(lib_a-makebuf.o)
                0x0000000000011eea                __smakebuf_r
 .text.__ascii_mbtowc
                0x0000000000011f8a       0x3a c:/mounriver/mounriver_studio/toolchain/risc-v embedded gcc/bin/../lib/gcc/riscv-none-embed/8.2.0/../../../../riscv-none-embed/lib/rv32imafc/ilp32f\libg_nano.a(lib_a-mbtowc_r.o)
                0x0000000000011f8a                __ascii_mbtowc
 .text.memmove  0x0000000000011fc4       0x4a c:/mounriver/mounriver_studio/toolchain/risc-v embedded gcc/bin/../lib/gcc/riscv-none-embed/8.2.0/../../../../riscv-none-embed/lib/rv32imafc/ilp32f\libg_nano.a(lib_a-memmove.o)
                0x0000000000011fc4                memmove
 .text.__malloc_lock
                0x000000000001200e        0x2 c:/mounriver/mounriver_studio/toolchain/risc-v embedded gcc/bin/../lib/gcc/riscv-none-embed/8.2.0/../../../../riscv-none-embed/lib/rv32imafc/ilp32f\libg_nano.a(lib_a-mlock.o)
                0x000000000001200e                __malloc_lock
 .text.__malloc_unlock
                0x0000000000012010        0x2 c:/mounriver/mounriver_studio/toolchain/risc-v embedded gcc/bin/../lib/gcc/riscv-none-embed/8.2.0/../../../../riscv-none-embed/lib/rv32imafc/ilp32f\libg_nano.a(lib_a-mlock.o)
                0x0000000000012010                __malloc_unlock
 .text._realloc_r
                0x0000000000012012       0x58 c:/mounriver/mounriver_studio/toolchain/risc-v embedded gcc/bin/../lib/gcc/riscv-none-embed/8.2.0/../../../../riscv-none-embed/lib/rv32imafc/ilp32f\libg_nano.a(lib_a-nano-reallocr.o)
                0x0000000000012012                _realloc_r
 .text._read_r  0x000000000001206a       0x34 c:/mounriver/mounriver_studio/toolchain/risc-v embedded gcc/bin/../lib/gcc/riscv-none-embed/8.2.0/../../../../riscv-none-embed/lib/rv32imafc/ilp32f\libg_nano.a(lib_a-readr.o)
                0x000000000001206a                _read_r
 .text.__ascii_wctomb
                0x000000000001209e       0x20 c:/mounriver/mounriver_studio/toolchain/risc-v embedded gcc/bin/../lib/gcc/riscv-none-embed/8.2.0/../../../../riscv-none-embed/lib/rv32imafc/ilp32f\libg_nano.a(lib_a-wctomb_r.o)
                0x000000000001209e                __ascii_wctomb
 .text._fstat_r
                0x00000000000120be       0x32 c:/mounriver/mounriver_studio/toolchain/risc-v embedded gcc/bin/../lib/gcc/riscv-none-embed/8.2.0/../../../../riscv-none-embed/lib/rv32imafc/ilp32f\libg_nano.a(lib_a-fstatr.o)
                0x00000000000120be                _fstat_r
 .text._isatty_r
                0x00000000000120f0       0x30 c:/mounriver/mounriver_studio/toolchain/risc-v embedded gcc/bin/../lib/gcc/riscv-none-embed/8.2.0/../../../../riscv-none-embed/lib/rv32imafc/ilp32f\libg_nano.a(lib_a-isattyr.o)
                0x00000000000120f0                _isatty_r
 .text._malloc_usable_size_r
                0x0000000000012120       0x14 c:/mounriver/mounriver_studio/toolchain/risc-v embedded gcc/bin/../lib/gcc/riscv-none-embed/8.2.0/../../../../riscv-none-embed/lib/rv32imafc/ilp32f\libg_nano.a(lib_a-nano-msizer.o)
                0x0000000000012120                _malloc_usable_size_r
 .text.__trunctfdf2
                0x0000000000012134      0x3d0 c:/mounriver/mounriver_studio/toolchain/risc-v embedded gcc/bin/../lib/gcc/riscv-none-embed/8.2.0/rv32imafc/ilp32f\libgcc.a(trunctfdf2.o)
                0x0000000000012134                __trunctfdf2
 .text._close   0x0000000000012504       0x10 c:/mounriver/mounriver_studio/toolchain/risc-v embedded gcc/bin/../lib/gcc/riscv-none-embed/8.2.0/../../../../riscv-none-embed/lib/rv32imafc/ilp32f\libnosys.a(close.o)
                0x0000000000012504                _close
 .text._fstat   0x0000000000012514       0x10 c:/mounriver/mounriver_studio/toolchain/risc-v embedded gcc/bin/../lib/gcc/riscv-none-embed/8.2.0/../../../../riscv-none-embed/lib/rv32imafc/ilp32f\libnosys.a(fstat.o)
                0x0000000000012514                _fstat
 .text._isatty  0x0000000000012524       0x10 c:/mounriver/mounriver_studio/toolchain/risc-v embedded gcc/bin/../lib/gcc/riscv-none-embed/8.2.0/../../../../riscv-none-embed/lib/rv32imafc/ilp32f\libnosys.a(isatty.o)
                0x0000000000012524                _isatty
 .text._lseek   0x0000000000012534       0x10 c:/mounriver/mounriver_studio/toolchain/risc-v embedded gcc/bin/../lib/gcc/riscv-none-embed/8.2.0/../../../../riscv-none-embed/lib/rv32imafc/ilp32f\libnosys.a(lseek.o)
                0x0000000000012534                _lseek
 .text._read    0x0000000000012544       0x10 c:/mounriver/mounriver_studio/toolchain/risc-v embedded gcc/bin/../lib/gcc/riscv-none-embed/8.2.0/../../../../riscv-none-embed/lib/rv32imafc/ilp32f\libnosys.a(read.o)
                0x0000000000012544                _read
 .text._sbrk    0x0000000000012554       0x24 c:/mounriver/mounriver_studio/toolchain/risc-v embedded gcc/bin/../lib/gcc/riscv-none-embed/8.2.0/../../../../riscv-none-embed/lib/rv32imafc/ilp32f\libnosys.a(sbrk.o)
                0x0000000000012554                _sbrk
 *(.rodata)
 *fill*         0x0000000000012578        0x0 
 .rodata        0x0000000000012578       0x59 ./zf_driver/zf_driver_pwm.o
 *fill*         0x00000000000125d1        0x3 
 .rodata        0x00000000000125d4       0x5e ./zf_driver/zf_driver_soft_iic.o
 *fill*         0x0000000000012632        0x2 
 .rodata        0x0000000000012634       0x59 ./zf_driver/zf_driver_spi.o
 *fill*         0x000000000001268d        0x3 
 .rodata        0x0000000000012690       0x5a ./zf_driver/zf_driver_uart.o
 *fill*         0x00000000000126ea        0x6 
 .rodata        0x00000000000126f0        0x8 ./zf_device/zf_device_dm1xa.o
 .rodata        0x00000000000126f8       0xf0 ./zf_device/zf_device_gps_tau1201.o
 .rodata        0x00000000000127e8       0x70 ./zf_device/zf_device_ips114.o
 .rodata        0x0000000000012858       0x9a ./zf_device/zf_device_mt9v03x_dvp.o
 *fill*         0x00000000000128f2        0x2 
 .rodata        0x00000000000128f4       0x78 ./zf_common/zf_common_debug.o
 .rodata        0x000000000001296c       0x5a ./zf_common/zf_common_fifo.o
 *fill*         0x00000000000129c6        0x2 
 .rodata        0x00000000000129c8       0xa0 ./zf_common/zf_common_function.o
 .rodata        0x0000000000012a68       0x38 ./user_c/image.o
 .rodata        0x0000000000012aa0        0x8 ./user_c/main.o
 .rodata        0x0000000000012aa8       0x41 ./sdk/Peripheral/ch32v30x_usbotg_device.o
 *(.rodata*)
 *fill*         0x0000000000012ae9        0x3 
 .rodata.pwm_set_freq
                0x0000000000012aec       0x28 ./zf_driver/zf_driver_pwm.o
 .rodata.pwm_init
                0x0000000000012b14       0x28 ./zf_driver/zf_driver_pwm.o
 .rodata.spi_index
                0x0000000000012b3c        0xc ./zf_driver/zf_driver_spi.o
                0x0000000000012b3c                spi_index
 .rodata.timer_get
                0x0000000000012b48       0x28 ./zf_driver/zf_driver_timer.o
 .rodata.timer_clear
                0x0000000000012b70       0x28 ./zf_driver/zf_driver_timer.o
 .rodata.uart_index
                0x0000000000012b98       0x20 ./zf_driver/zf_driver_uart.o
                0x0000000000012b98                uart_index
 .rodata.ips114_show_gray_image
                0x0000000000012bb8       0x14 ./zf_device/zf_device_ips114.o
 .rodata.ascii_font_8x16
                0x0000000000012bcc      0x5f0 ./zf_common/zf_common_font.o
                0x0000000000012bcc                ascii_font_8x16
 .rodata.ascii_font_6x8
                0x00000000000131bc      0x228 ./zf_common/zf_common_font.o
                0x00000000000131bc                ascii_font_6x8
 .rodata.Cricle
                0x00000000000133e4       0x14 ./user_c/image.o
 .rodata.MyDevDescrHD
                0x00000000000133f8       0x12 ./sdk/Peripheral/ch32v30x_usbotg_device.o
                0x00000000000133f8                MyDevDescrHD
 *fill*         0x000000000001340a        0x2 
 .rodata.MyCfgDescrHD
                0x000000000001340c       0x43 ./sdk/Peripheral/ch32v30x_usbotg_device.o
                0x000000000001340c                MyCfgDescrHD
 *fill*         0x000000000001344f        0x1 
 .rodata.MyReportDescHD
                0x0000000000013450       0x14 ./sdk/Peripheral/ch32v30x_usbotg_device.o
                0x0000000000013450                MyReportDescHD
 .rodata.MyManuInfoHD
                0x0000000000013464        0xe ./sdk/Peripheral/ch32v30x_usbotg_device.o
                0x0000000000013464                MyManuInfoHD
 *fill*         0x0000000000013472        0x2 
 .rodata.MyProdInfoHD
                0x0000000000013474        0xc ./sdk/Peripheral/ch32v30x_usbotg_device.o
                0x0000000000013474                MyProdInfoHD
 .rodata.MySerNumInfoHD
                0x0000000000013480       0x16 ./sdk/Peripheral/ch32v30x_usbotg_device.o
                0x0000000000013480                MySerNumInfoHD
 *fill*         0x0000000000013496        0x2 
 .rodata.MyUSBQUADescHD
                0x0000000000013498        0xa ./sdk/Peripheral/ch32v30x_usbotg_device.o
                0x0000000000013498                MyUSBQUADescHD
 *fill*         0x00000000000134a2        0x2 
 .rodata.OTG_FS_IRQHandler
                0x00000000000134a4       0xbc ./sdk/Peripheral/ch32v30x_usbotg_device.o
 .rodata.__divdf3
                0x0000000000013560       0x40 c:/mounriver/mounriver_studio/toolchain/risc-v embedded gcc/bin/../lib/gcc/riscv-none-embed/8.2.0/rv32imafc/ilp32f\libgcc.a(divdf3.o)
 .rodata.__muldf3
                0x00000000000135a0       0x40 c:/mounriver/mounriver_studio/toolchain/risc-v embedded gcc/bin/../lib/gcc/riscv-none-embed/8.2.0/rv32imafc/ilp32f\libgcc.a(muldf3.o)
 .rodata.__clz_tab
                0x00000000000135e0      0x100 c:/mounriver/mounriver_studio/toolchain/risc-v embedded gcc/bin/../lib/gcc/riscv-none-embed/8.2.0/rv32imafc/ilp32f\libgcc.a(_clz.o)
                0x00000000000135e0                __clz_tab
 .rodata._printf_float.cst8
                0x00000000000136e0        0x8 c:/mounriver/mounriver_studio/toolchain/risc-v embedded gcc/bin/../lib/gcc/riscv-none-embed/8.2.0/../../../../riscv-none-embed/lib/rv32imafc/ilp32f\libg_nano.a(lib_a-nano-vfprintf_float.o)
 .rodata._printf_float.str1.4
                0x00000000000136e8       0x12 c:/mounriver/mounriver_studio/toolchain/risc-v embedded gcc/bin/../lib/gcc/riscv-none-embed/8.2.0/../../../../riscv-none-embed/lib/rv32imafc/ilp32f\libg_nano.a(lib_a-nano-vfprintf_float.o)
 *fill*         0x00000000000136fa        0x2 
 .rodata._printf_i.str1.4
                0x00000000000136fc       0x25 c:/mounriver/mounriver_studio/toolchain/risc-v embedded gcc/bin/../lib/gcc/riscv-none-embed/8.2.0/../../../../riscv-none-embed/lib/rv32imafc/ilp32f\libg_nano.a(lib_a-nano-vfprintf_i.o)
 *fill*         0x0000000000013721        0x7 
 .rodata._dtoa_r.cst8
                0x0000000000013728       0x48 c:/mounriver/mounriver_studio/toolchain/risc-v embedded gcc/bin/../lib/gcc/riscv-none-embed/8.2.0/../../../../riscv-none-embed/lib/rv32imafc/ilp32f\libg_nano.a(lib_a-dtoa.o)
 .rodata._dtoa_r.str1.4
                0x0000000000013770       0x10 c:/mounriver/mounriver_studio/toolchain/risc-v embedded gcc/bin/../lib/gcc/riscv-none-embed/8.2.0/../../../../riscv-none-embed/lib/rv32imafc/ilp32f\libg_nano.a(lib_a-dtoa.o)
                                         0x12 (size before relaxing)
 .rodata.__sf_fake_stderr
                0x0000000000013780       0x20 c:/mounriver/mounriver_studio/toolchain/risc-v embedded gcc/bin/../lib/gcc/riscv-none-embed/8.2.0/../../../../riscv-none-embed/lib/rv32imafc/ilp32f\libg_nano.a(lib_a-findfp.o)
                0x0000000000013780                __sf_fake_stderr
 .rodata.__sf_fake_stdin
                0x00000000000137a0       0x20 c:/mounriver/mounriver_studio/toolchain/risc-v embedded gcc/bin/../lib/gcc/riscv-none-embed/8.2.0/../../../../riscv-none-embed/lib/rv32imafc/ilp32f\libg_nano.a(lib_a-findfp.o)
                0x00000000000137a0                __sf_fake_stdin
 .rodata.__sf_fake_stdout
                0x00000000000137c0       0x20 c:/mounriver/mounriver_studio/toolchain/risc-v embedded gcc/bin/../lib/gcc/riscv-none-embed/8.2.0/../../../../riscv-none-embed/lib/rv32imafc/ilp32f\libg_nano.a(lib_a-findfp.o)
                0x00000000000137c0                __sf_fake_stdout
 .rodata.__mprec_bigtens
                0x00000000000137e0       0x28 c:/mounriver/mounriver_studio/toolchain/risc-v embedded gcc/bin/../lib/gcc/riscv-none-embed/8.2.0/../../../../riscv-none-embed/lib/rv32imafc/ilp32f\libg_nano.a(lib_a-mprec.o)
                0x00000000000137e0                __mprec_bigtens
 .rodata.__mprec_tens
                0x0000000000013808       0xc8 c:/mounriver/mounriver_studio/toolchain/risc-v embedded gcc/bin/../lib/gcc/riscv-none-embed/8.2.0/../../../../riscv-none-embed/lib/rv32imafc/ilp32f\libg_nano.a(lib_a-mprec.o)
                0x0000000000013808                __mprec_tens
 .rodata.p05.3321
                0x00000000000138d0        0xc c:/mounriver/mounriver_studio/toolchain/risc-v embedded gcc/bin/../lib/gcc/riscv-none-embed/8.2.0/../../../../riscv-none-embed/lib/rv32imafc/ilp32f\libg_nano.a(lib_a-mprec.o)
 .rodata._svfprintf_r.str1.4
                0x00000000000138dc       0x13 c:/mounriver/mounriver_studio/toolchain/risc-v embedded gcc/bin/../lib/gcc/riscv-none-embed/8.2.0/../../../../riscv-none-embed/lib/rv32imafc/ilp32f\libg_nano.a(lib_a-nano-svfprintf.o)
 .rodata._vfprintf_r.str1.4
                0x00000000000138ef       0x13 c:/mounriver/mounriver_studio/toolchain/risc-v embedded gcc/bin/../lib/gcc/riscv-none-embed/8.2.0/../../../../riscv-none-embed/lib/rv32imafc/ilp32f\libg_nano.a(lib_a-nano-vfprintf.o)
 *fill*         0x00000000000138ef        0x1 
 .rodata._setlocale_r.str1.4
                0x00000000000138f0        0xa c:/mounriver/mounriver_studio/toolchain/risc-v embedded gcc/bin/../lib/gcc/riscv-none-embed/8.2.0/../../../../riscv-none-embed/lib/rv32imafc/ilp32f\libg_nano.a(lib_a-locale.o)
                                          0xd (size before relaxing)
 *fill*         0x00000000000138fa        0x2 
 .rodata.str1.4
                0x00000000000138fc        0x4 c:/mounriver/mounriver_studio/toolchain/risc-v embedded gcc/bin/../lib/gcc/riscv-none-embed/8.2.0/../../../../riscv-none-embed/lib/rv32imafc/ilp32f\libg_nano.a(lib_a-locale.o)
                                          0x2 (size before relaxing)
 .rodata._ctype_
                0x0000000000013900      0x101 c:/mounriver/mounriver_studio/toolchain/risc-v embedded gcc/bin/../lib/gcc/riscv-none-embed/8.2.0/../../../../riscv-none-embed/lib/rv32imafc/ilp32f\libg_nano.a(lib_a-ctype_.o)
                0x0000000000013900                _ctype_
 *(.glue_7)
 *(.glue_7t)
 *(.gnu.linkonce.t.*)
                0x0000000000013a04                . = ALIGN (0x4)
 *fill*         0x0000000000013a01        0x3 

.rela.dyn       0x0000000000013a04        0x0
 .rela.init     0x0000000000013a04        0x0 ./zf_driver/zf_driver_delay.o
 .rela.vector   0x0000000000013a04        0x0 ./zf_driver/zf_driver_delay.o
 .rela.text.handle_reset
                0x0000000000013a04        0x0 ./zf_driver/zf_driver_delay.o
 .rela.text._svfprintf_r
                0x0000000000013a04        0x0 ./zf_driver/zf_driver_delay.o
 .rela.text._vfprintf_r
                0x0000000000013a04        0x0 ./zf_driver/zf_driver_delay.o
 .rela.text._sbrk_r
                0x0000000000013a04        0x0 ./zf_driver/zf_driver_delay.o
 .rela.text._write_r
                0x0000000000013a04        0x0 ./zf_driver/zf_driver_delay.o
 .rela.text._close_r
                0x0000000000013a04        0x0 ./zf_driver/zf_driver_delay.o
 .rela.text._lseek_r
                0x0000000000013a04        0x0 ./zf_driver/zf_driver_delay.o
 .rela.text._read_r
                0x0000000000013a04        0x0 ./zf_driver/zf_driver_delay.o
 .rela.text._fstat_r
                0x0000000000013a04        0x0 ./zf_driver/zf_driver_delay.o
 .rela.text._isatty_r
                0x0000000000013a04        0x0 ./zf_driver/zf_driver_delay.o
 .rela.text._close
                0x0000000000013a04        0x0 ./zf_driver/zf_driver_delay.o
 .rela.text._fstat
                0x0000000000013a04        0x0 ./zf_driver/zf_driver_delay.o
 .rela.text._isatty
                0x0000000000013a04        0x0 ./zf_driver/zf_driver_delay.o
 .rela.text._lseek
                0x0000000000013a04        0x0 ./zf_driver/zf_driver_delay.o
 .rela.text._read
                0x0000000000013a04        0x0 ./zf_driver/zf_driver_delay.o
 .rela.text._sbrk
                0x0000000000013a04        0x0 ./zf_driver/zf_driver_delay.o

.fini           0x0000000000013a04        0x0
 *(SORT_NONE(.fini))
                0x0000000000013a04                . = ALIGN (0x4)
                [!provide]                        PROVIDE (_etext = .)
                [!provide]                        PROVIDE (_eitcm = .)

.preinit_array  0x0000000000013a04        0x0
                [!provide]                        PROVIDE (__preinit_array_start = .)
 *(.preinit_array)
                [!provide]                        PROVIDE (__preinit_array_end = .)

.init_array     0x0000000000013a04        0x0
                [!provide]                        PROVIDE (__init_array_start = .)
 *(SORT_BY_INIT_PRIORITY(.init_array.*) SORT_BY_INIT_PRIORITY(.ctors.*))
 *(.init_array EXCLUDE_FILE(*crtend?.o *crtend.o *crtbegin?.o *crtbegin.o) .ctors)
                [!provide]                        PROVIDE (__init_array_end = .)

.fini_array     0x0000000000013a04        0x0
                [!provide]                        PROVIDE (__fini_array_start = .)
 *(SORT_BY_INIT_PRIORITY(.fini_array.*) SORT_BY_INIT_PRIORITY(.dtors.*))
 *(.fini_array EXCLUDE_FILE(*crtend?.o *crtend.o *crtbegin?.o *crtbegin.o) .dtors)
                [!provide]                        PROVIDE (__fini_array_end = .)

.ctors
 *crtbegin.o(.ctors)
 *crtbegin?.o(.ctors)
 *(EXCLUDE_FILE(*crtend?.o *crtend.o) .ctors)
 *(SORT_BY_NAME(.ctors.*))
 *(.ctors)

.dtors
 *crtbegin.o(.dtors)
 *crtbegin?.o(.dtors)
 *(EXCLUDE_FILE(*crtend?.o *crtend.o) .dtors)
 *(SORT_BY_NAME(.dtors.*))
 *(.dtors)

.dalign         0x0000000020000040        0x0 load address 0x0000000000013a04
                0x0000000020000040                . = ALIGN (0x4)
                0x0000000020000040                PROVIDE (_data_vma = .)

.dlalign        0x0000000000013a04        0x0
                0x0000000000013a04                . = ALIGN (0x4)
                0x0000000000013a04                PROVIDE (_data_lma = .)

.data           0x0000000020000040      0x308 load address 0x0000000000013a04
 *(.gnu.linkonce.r.*)
 *(.data .data.*)
 .data.gpio_group
                0x0000000020000040       0x14 ./zf_driver/zf_driver_gpio.o
                0x0000000020000040                gpio_group
 .data.mt9v03x_set_confing_buffer
                0x0000000020000054       0x28 ./zf_device/zf_device_mt9v03x_dvp.o
 .data.mt9v03x_get_confing_buffer
                0x000000002000007c       0x24 ./zf_device/zf_device_mt9v03x_dvp.o
 .data.seeds_l  0x00000000200000a0       0x10 ./user_c/image.o
 .data.seeds_r  0x00000000200000b0       0x10 ./user_c/image.o
 .data.APBAHBPrescTable
                0x00000000200000c0       0x10 ./sdk/Peripheral/ch32v30x_rcc.o
 .data.TAB_USB_FS_OSC_DESC
                0x00000000200000d0       0x43 ./sdk/Peripheral/ch32v30x_usbotg_device.o
                0x00000000200000d0                TAB_USB_FS_OSC_DESC
 *fill*         0x0000000020000113        0x1 
 .data.impure_data
                0x0000000020000114       0x60 c:/mounriver/mounriver_studio/toolchain/risc-v embedded gcc/bin/../lib/gcc/riscv-none-embed/8.2.0/../../../../riscv-none-embed/lib/rv32imafc/ilp32f\libg_nano.a(lib_a-impure.o)
 .data.__global_locale
                0x0000000020000174      0x16c c:/mounriver/mounriver_studio/toolchain/risc-v embedded gcc/bin/../lib/gcc/riscv-none-embed/8.2.0/../../../../riscv-none-embed/lib/rv32imafc/ilp32f\libg_nano.a(lib_a-locale.o)
                0x0000000020000174                __global_locale
 *(.gnu.linkonce.d.*)
                0x00000000200002e0                . = ALIGN (0x8)
                0x0000000020000ae0                PROVIDE (__global_pointer$ = (. + 0x800))
 *(.sdata .sdata.*)
 .sdata.dm1xa_distance_mm
                0x00000000200002e0        0x2 ./zf_device/zf_device_dm1xa.o
 .sdata.ips114_pencolor
                0x00000000200002e2        0x2 ./zf_device/zf_device_ips114.o
 .sdata.ips114_bgcolor
                0x00000000200002e4        0x2 ./zf_device/zf_device_ips114.o
 *fill*         0x00000000200002e6        0x2 
 .sdata.ips114_display_dir
                0x00000000200002e8        0x4 ./zf_device/zf_device_ips114.o
 .sdata.ips114_display_font
                0x00000000200002ec        0x4 ./zf_device/zf_device_ips114.o
 .sdata.ips114_x_max
                0x00000000200002f0        0x1 ./zf_device/zf_device_ips114.o
 .sdata.ips114_y_max
                0x00000000200002f1        0x1 ./zf_device/zf_device_ips114.o
 *fill*         0x00000000200002f2        0x2 
 .sdata.camera_uart_handler
                0x00000000200002f4        0x4 ./zf_device/zf_device_type.o
                0x00000000200002f4                camera_uart_handler
 .sdata.camera_dvp_handler
                0x00000000200002f8        0x4 ./zf_device/zf_device_type.o
                0x00000000200002f8                camera_dvp_handler
 .sdata.wireless_module_uart_handler
                0x00000000200002fc        0x4 ./zf_device/zf_device_type.o
                0x00000000200002fc                wireless_module_uart_handler
 .sdata.tof_module_exti_handler
                0x0000000020000300        0x4 ./zf_device/zf_device_type.o
                0x0000000020000300                tof_module_exti_handler
 .sdata.system_clock
                0x0000000020000304        0x4 ./zf_common/zf_common_clock.o
                0x0000000020000304                system_clock
 .sdata.zf_debug_assert_enable
                0x0000000020000308        0x1 ./zf_common/zf_common_debug.o
 .sdata.Line_Mid
                0x0000000020000309        0x1 ./user_c/image.o
                0x0000000020000309                Line_Mid
 .sdata.Line_Start
                0x000000002000030a        0x1 ./user_c/image.o
                0x000000002000030a                Line_Start
 .sdata.Line_End
                0x000000002000030b        0x1 ./user_c/image.o
                0x000000002000030b                Line_End
 .sdata.Find_Line_Start
                0x000000002000030c        0x1 ./user_c/image.o
                0x000000002000030c                Find_Line_Start
 .sdata.Find_Line_End
                0x000000002000030d        0x1 ./user_c/image.o
                0x000000002000030d                Find_Line_End
 *fill*         0x000000002000030e        0x2 
 .sdata.PWM     0x0000000020000310        0x4 ./user_c/motor.o
                0x0000000020000310                PWM
 .sdata.PWM_SPACE
                0x0000000020000314        0x4 ./user_c/motor.o
                0x0000000020000314                PWM_SPACE
 .sdata.KP      0x0000000020000318        0x4 ./user_c/motor.o
                0x0000000020000318                KP
 .sdata.KD      0x000000002000031c        0x4 ./user_c/motor.o
                0x000000002000031c                KD
 .sdata.ADCPrescTable
                0x0000000020000320        0x4 ./sdk/Peripheral/ch32v30x_rcc.o
 .sdata.USBHD_Dev_Speed
                0x0000000020000324        0x1 ./sdk/Peripheral/ch32v30x_usbotg_device.o
                0x0000000020000324                USBHD_Dev_Speed
 *fill*         0x0000000020000325        0x3 
 .sdata.LineCoding
                0x0000000020000328        0x7 ./sdk/Peripheral/ch32v30x_usbotg_device.o
                0x0000000020000328                LineCoding
 *fill*         0x000000002000032f        0x1 
 .sdata._impure_ptr
                0x0000000020000330        0x4 c:/mounriver/mounriver_studio/toolchain/risc-v embedded gcc/bin/../lib/gcc/riscv-none-embed/8.2.0/../../../../riscv-none-embed/lib/rv32imafc/ilp32f\libg_nano.a(lib_a-impure.o)
                0x0000000020000330                _impure_ptr
 *(.sdata2.*)
 .sdata2.uart_irq
                0x0000000020000334        0x8 ./zf_driver/zf_driver_uart.o
                0x0000000020000334                uart_irq
 .sdata2.MyLangDescrHD
                0x000000002000033c        0x4 ./sdk/Peripheral/ch32v30x_usbotg_device.o
                0x000000002000033c                MyLangDescrHD
 .sdata2._global_impure_ptr
                0x0000000020000340        0x4 c:/mounriver/mounriver_studio/toolchain/risc-v embedded gcc/bin/../lib/gcc/riscv-none-embed/8.2.0/../../../../riscv-none-embed/lib/rv32imafc/ilp32f\libg_nano.a(lib_a-impure.o)
                0x0000000020000340                _global_impure_ptr
 *(.gnu.linkonce.s.*)
                0x0000000020000348                . = ALIGN (0x8)
 *fill*         0x0000000020000344        0x4 
 *(.srodata.cst16)
 *(.srodata.cst8)
 *(.srodata.cst4)
 *(.srodata.cst2)
 *(.srodata .srodata.*)
                0x0000000020000348                . = ALIGN (0x4)
                0x0000000020000348                PROVIDE (_edata = .)

.bss            0x0000000020000348     0x84cc load address 0x0000000000013d0c
                0x0000000020000348                . = ALIGN (0x4)
                0x0000000020000348                PROVIDE (_sbss = .)
 *(.sbss*)
 .sbss.camera_receiver_buffer
                0x0000000020000348        0x8 ./zf_device/zf_device_camera.o
                0x0000000020000348                camera_receiver_buffer
 .sbss.dm1xa_plus_count
                0x0000000020000350        0x4 ./zf_device/zf_device_dm1xa.o
 .sbss.dm1xa_type
                0x0000000020000354        0x4 ./zf_device/zf_device_dm1xa.o
 .sbss.dm1xa_ranging_state
                0x0000000020000358        0x4 ./zf_device/zf_device_dm1xa.o
 .sbss.gps_tau1201_flag
                0x000000002000035c        0x1 ./zf_device/zf_device_gps_tau1201.o
                0x000000002000035c                gps_tau1201_flag
 .sbss.gps_tau1201_state
                0x000000002000035d        0x1 ./zf_device/zf_device_gps_tau1201.o
 *fill*         0x000000002000035e        0x2 
 .sbss.gps_gga_state
                0x0000000020000360        0x4 ./zf_device/zf_device_gps_tau1201.o
                0x0000000020000360                gps_gga_state
 .sbss.gps_rmc_state
                0x0000000020000364        0x4 ./zf_device/zf_device_gps_tau1201.o
                0x0000000020000364                gps_rmc_state
 .sbss.mt9v03x_finish_flag
                0x0000000020000368        0x1 ./zf_device/zf_device_mt9v03x_dvp.o
                0x0000000020000368                mt9v03x_finish_flag
 *fill*         0x0000000020000369        0x3 
 .sbss.mt9v03x_type
                0x000000002000036c        0x4 ./zf_device/zf_device_mt9v03x_dvp.o
 .sbss.mt9v03x_version
                0x0000000020000370        0x2 ./zf_device/zf_device_mt9v03x_dvp.o
 *fill*         0x0000000020000372        0x2 
 .sbss.camera_type
                0x0000000020000374        0x4 ./zf_device/zf_device_type.o
                0x0000000020000374                camera_type
 .sbss.debug_uart_data
                0x0000000020000378        0x1 ./zf_common/zf_common_debug.o
                0x0000000020000378                debug_uart_data
 .sbss.zf_debug_init_flag
                0x0000000020000379        0x1 ./zf_common/zf_common_debug.o
 .sbss.assert_nest_index.5039
                0x000000002000037a        0x1 ./zf_common/zf_common_debug.o
 *fill*         0x000000002000037b        0x1 
 .sbss.interrupt_nest_count
                0x000000002000037c        0x4 ./zf_common/zf_common_interrupt.o
 .sbss.Left_Line_Lost
                0x0000000020000380        0x1 ./user_c/image.o
                0x0000000020000380                Left_Line_Lost
 .sbss.Right_Line_Lost
                0x0000000020000381        0x1 ./user_c/image.o
                0x0000000020000381                Right_Line_Lost
 .sbss.Line_Lost
                0x0000000020000382        0x1 ./user_c/image.o
                0x0000000020000382                Line_Lost
 .sbss.Fix_Left_Line_Start
                0x0000000020000383        0x1 ./user_c/image.o
                0x0000000020000383                Fix_Left_Line_Start
 .sbss.Fix_Left_Line_End
                0x0000000020000384        0x1 ./user_c/image.o
                0x0000000020000384                Fix_Left_Line_End
 .sbss.Fix_Right_Line_Start
                0x0000000020000385        0x1 ./user_c/image.o
                0x0000000020000385                Fix_Right_Line_Start
 .sbss.Fix_Right_Line_End
                0x0000000020000386        0x1 ./user_c/image.o
                0x0000000020000386                Fix_Right_Line_End
 .sbss.Flag     0x0000000020000387        0x1 ./user_c/image.o
                0x0000000020000387                Flag
 .sbss.Curve    0x0000000020000388        0x4 ./user_c/image.o
                0x0000000020000388                Curve
 .sbss.Row_Pointers
                0x000000002000038c        0x4 ./user_c/image.o
                0x000000002000038c                Row_Pointers
 .sbss.start_point_l
                0x0000000020000390        0x2 ./user_c/image.o
                0x0000000020000390                start_point_l
 *fill*         0x0000000020000392        0x2 
 .sbss.start_point_r
                0x0000000020000394        0x2 ./user_c/image.o
                0x0000000020000394                start_point_r
 .sbss.Max      0x0000000020000396        0x1 ./user_c/image.o
                0x0000000020000396                Max
 .sbss.Max2     0x0000000020000397        0x1 ./user_c/image.o
                0x0000000020000397                Max2
 .sbss.data_stastics_l
                0x0000000020000398        0x1 ./user_c/image.o
                0x0000000020000398                data_stastics_l
 .sbss.data_stastics_r
                0x0000000020000399        0x1 ./user_c/image.o
                0x0000000020000399                data_stastics_r
 .sbss.hightest
                0x000000002000039a        0x1 ./user_c/image.o
                0x000000002000039a                hightest
 .sbss.index_l  0x000000002000039b        0x1 ./user_c/image.o
                0x000000002000039b                index_l
 .sbss.center_point_l
                0x000000002000039c        0x2 ./user_c/image.o
                0x000000002000039c                center_point_l
 *fill*         0x000000002000039e        0x2 
 .sbss.center_point_r
                0x00000000200003a0        0x2 ./user_c/image.o
                0x00000000200003a0                center_point_r
 .sbss.index_r  0x00000000200003a2        0x1 ./user_c/image.o
                0x00000000200003a2                index_r
 .sbss.ERR_LAST_L
                0x00000000200003a3        0x1 ./user_c/motor.o
                0x00000000200003a3                ERR_LAST_L
 .sbss.ERR_LAST_R
                0x00000000200003a4        0x1 ./user_c/motor.o
                0x00000000200003a4                ERR_LAST_R
 *fill*         0x00000000200003a5        0x3 
 .sbss.EP0_DatabufHD
                0x00000000200003a8        0x8 ./sdk/Peripheral/ch32v30x_usbotg_device.o
                0x00000000200003a8                EP0_DatabufHD
 .sbss.pEP0_RAM_Addr
                0x00000000200003b0        0x4 ./sdk/Peripheral/ch32v30x_usbotg_device.o
                0x00000000200003b0                pEP0_RAM_Addr
 .sbss.pEP1_RAM_Addr
                0x00000000200003b4        0x4 ./sdk/Peripheral/ch32v30x_usbotg_device.o
                0x00000000200003b4                pEP1_RAM_Addr
 .sbss.pEP2_RAM_Addr
                0x00000000200003b8        0x4 ./sdk/Peripheral/ch32v30x_usbotg_device.o
                0x00000000200003b8                pEP2_RAM_Addr
 .sbss.pDescr   0x00000000200003bc        0x4 ./sdk/Peripheral/ch32v30x_usbotg_device.o
                0x00000000200003bc                pDescr
 .sbss.USBHD_Dev_SetupReqLen
                0x00000000200003c0        0x2 ./sdk/Peripheral/ch32v30x_usbotg_device.o
                0x00000000200003c0                USBHD_Dev_SetupReqLen
 .sbss.USBHD_Dev_SleepStatus
                0x00000000200003c2        0x1 ./sdk/Peripheral/ch32v30x_usbotg_device.o
                0x00000000200003c2                USBHD_Dev_SleepStatus
 .sbss.DevConfig
                0x00000000200003c3        0x1 ./sdk/Peripheral/ch32v30x_usbotg_device.o
                0x00000000200003c3                DevConfig
 .sbss.SetupReqCode
                0x00000000200003c4        0x1 ./sdk/Peripheral/ch32v30x_usbotg_device.o
                0x00000000200003c4                SetupReqCode
 *fill*         0x00000000200003c5        0x1 
 .sbss.SetupReqLen
                0x00000000200003c6        0x2 ./sdk/Peripheral/ch32v30x_usbotg_device.o
                0x00000000200003c6                SetupReqLen
 .sbss.mt9v03x_h_blank
                0x00000000200003c8        0x4 D:\smartcar\Seekfree_CH32V307VCT6_Opensource_Library\libraries\zf_device\libzf_device_config.a(zf_device_config.o)
 .sbss.mt9v03x_v_blank
                0x00000000200003cc        0x4 D:\smartcar\Seekfree_CH32V307VCT6_Opensource_Library\libraries\zf_device\libzf_device_config.a(zf_device_config.o)
 .sbss.__malloc_free_list
                0x00000000200003d0        0x4 c:/mounriver/mounriver_studio/toolchain/risc-v embedded gcc/bin/../lib/gcc/riscv-none-embed/8.2.0/../../../../riscv-none-embed/lib/rv32imafc/ilp32f\libg_nano.a(lib_a-nano-mallocr.o)
                0x00000000200003d0                __malloc_free_list
 .sbss.__malloc_sbrk_start
                0x00000000200003d4        0x4 c:/mounriver/mounriver_studio/toolchain/risc-v embedded gcc/bin/../lib/gcc/riscv-none-embed/8.2.0/../../../../riscv-none-embed/lib/rv32imafc/ilp32f\libg_nano.a(lib_a-nano-mallocr.o)
                0x00000000200003d4                __malloc_sbrk_start
 .sbss.heap_end.1520
                0x00000000200003d8        0x4 c:/mounriver/mounriver_studio/toolchain/risc-v embedded gcc/bin/../lib/gcc/riscv-none-embed/8.2.0/../../../../riscv-none-embed/lib/rv32imafc/ilp32f\libnosys.a(sbrk.o)
 *(.gnu.linkonce.sb.*)
 *(.bss*)
 .bss.timer_function_state
                0x00000000200003dc       0x28 ./zf_driver/zf_driver_timer.o
 .bss.timer_mode_state
                0x0000000020000404       0x28 ./zf_driver/zf_driver_timer.o
 .bss.camera_receiver_fifo
                0x000000002000042c       0x1c ./zf_device/zf_device_camera.o
                0x000000002000042c                camera_receiver_fifo
 .bss.gps_tau1201_receiver_fifo
                0x0000000020000448       0x1c ./zf_device/zf_device_gps_tau1201.o
 .bss.gps_gga_buffer
                0x0000000020000464       0x80 ./zf_device/zf_device_gps_tau1201.o
 .bss.gps_rmc_buffer
                0x00000000200004e4       0x80 ./zf_device/zf_device_gps_tau1201.o
 .bss.mt9v03x_image
                0x0000000020000564     0x5820 ./zf_device/zf_device_mt9v03x_dvp.o
                0x0000000020000564                mt9v03x_image
 .bss.debug_uart_buffer
                0x0000000020005d84       0x40 ./zf_common/zf_common_debug.o
                0x0000000020005d84                debug_uart_buffer
 .bss.debug_uart_fifo
                0x0000000020005dc4       0x1c ./zf_common/zf_common_debug.o
                0x0000000020005dc4                debug_uart_fifo
 .bss.debug_output_info
                0x0000000020005de0       0x14 ./zf_common/zf_common_debug.o
 .bss.Gray_Image
                0x0000000020005df4     0x12c0 ./user_c/image.o
                0x0000000020005df4                Gray_Image
 .bss.Binarization_Image
                0x00000000200070b4     0x12c0 ./user_c/image.o
                0x00000000200070b4                Binarization_Image
 .bss.Left_Line
                0x0000000020008374       0x3c ./user_c/image.o
                0x0000000020008374                Left_Line
 .bss.Right_Line
                0x00000000200083b0       0x3c ./user_c/image.o
                0x00000000200083b0                Right_Line
 .bss.Center_Line
                0x00000000200083ec       0x3c ./user_c/image.o
                0x00000000200083ec                Center_Line
 .bss.Left_Line_Lost_Flag